 TestProject

 Timestamp is 67bc115e (Mon Feb 24 06:27:42 2025)

 Preferred load address is 0000000000400000

 Start         Length     Name                   Class
 0001:00000000 00000116H .text                   CODE
 0001:00000116 00000d2eH .text$mn                CODE
 0002:00000000 000000c8H .rdata                  DATA
 0002:00000190 00000008H .00cfg                  DATA
 0002:00000198 00000004H .CRT$XCA                DATA
 0002:0000019c 00000004H .CRT$XCAA               DATA
 0002:000001a0 00000004H .CRT$XCZ                DATA
 0002:000001a4 00000004H .CRT$XIA                DATA
 0002:000001a8 00000004H .CRT$XIAA               DATA
 0002:000001ac 00000004H .CRT$XIAC               DATA
 0002:000001b0 00000004H .CRT$XIZ                DATA
 0002:000001b4 00000004H .CRT$XPA                DATA
 0002:000001b8 00000004H .CRT$XPZ                DATA
 0002:000001bc 00000004H .CRT$XTA                DATA
 0002:000001c0 00000004H .CRT$XTZ                DATA
 0002:00000810 00000004H .rtc$IAA                DATA
 0002:00000814 00000004H .rtc$IZZ                DATA
 0002:00000818 00000004H .rtc$TAA                DATA
 0002:0000081c 00000004H .rtc$TZZ                DATA
 0002:00000820 0000003cH .xdata$x                DATA
 0003:00000000 00000060H .data                   DATA
 0003:00000060 00000374H .bss                    DATA
 0004:00000000 00000058H .rsrc$01                DATA
 0004:00000060 00000148H .rsrc$02                DATA

  Address         Publics by Value              Rva+Base               Lib:Object

 0000:00000000       ___AbsoluteZero            0000000000000000     <absolute>
 0000:00000000       ___guard_fids_table        0000000000000000     <absolute>
 0000:00000000       ___guard_fids_count        0000000000000000     <absolute>
 0000:00000000       ___guard_flags             0000000000000000     <absolute>
 0000:00000000       ___guard_iat_table         0000000000000000     <absolute>
 0000:00000000       ___guard_iat_count         0000000000000000     <absolute>
 0000:00000000       ___guard_longjmp_table     0000000000000000     <absolute>
 0000:00000000       ___guard_longjmp_count     0000000000000000     <absolute>
 0000:00000000       ___enclave_config          0000000000000000     <absolute>
 0000:00000000       ___guard_eh_cont_table     0000000000000000     <absolute>
 0000:00000000       ___guard_eh_cont_count     0000000000000000     <absolute>
 0000:00000000       ___AbsoluteZero            0000000000000000     <absolute>
 0000:00000001       ___safe_se_handler_count   0000000000000001     <absolute>
 0000:00000002       @vol.md                    0000000000000002     <absolute>
 0000:00000002       @vol.md                    0000000000000002     <absolute>
 0000:00000003       @vol.md                    0000000000000003     <absolute>
 0000:00000003       @vol.md                    0000000000000003     <absolute>
 0000:00000003       @vol.md                    0000000000000003     <absolute>
 0000:00000003       @vol.md                    0000000000000003     <absolute>
 0000:00000003       @vol.md                    0000000000000003     <absolute>
 0000:00000003       @vol.md                    0000000000000003     <absolute>
 0000:00000003       @vol.md                    0000000000000003     <absolute>
 0000:00000003       @vol.md                    0000000000000003     <absolute>
 0000:00000003       @vol.md                    0000000000000003     <absolute>
 0000:00000003       @vol.md                    0000000000000003     <absolute>
 0000:00000003       @vol.md                    0000000000000003     <absolute>
 0000:00000003       @vol.md                    0000000000000003     <absolute>
 0000:00000003       @vol.md                    0000000000000003     <absolute>
 0000:00000003       @vol.md                    0000000000000003     <absolute>
 0000:00000003       @vol.md                    0000000000000003     <absolute>
 0000:00000003       @vol.md                    0000000000000003     <absolute>
 0000:00000003       @vol.md                    0000000000000003     <absolute>
 0000:00000003       @vol.md                    0000000000000003     <absolute>
 0000:00000003       @vol.md                    0000000000000003     <absolute>
 0000:00000003       @vol.md                    0000000000000003     <absolute>
 0000:00000003       @vol.md                    0000000000000003     <absolute>
 0000:00000003       @vol.md                    0000000000000003     <absolute>
 0000:00000003       @vol.md                    0000000000000003     <absolute>
 0000:00000003       @vol.md                    0000000000000003     <absolute>
 0000:00000003       @vol.md                    0000000000000003     <absolute>
 0000:00000003       @vol.md                    0000000000000003     <absolute>
 0000:00000003       @vol.md                    0000000000000003     <absolute>
 0000:00000003       @vol.md                    0000000000000003     <absolute>
 0000:00000003       @vol.md                    0000000000000003     <absolute>
 0000:00000003       @vol.md                    0000000000000003     <absolute>
 0000:00000000       ___ImageBase               0000000000400000     <linker-defined>
 0001:00000000       _main                      0000000000401000     FileName.obj
 0001:000000b0       _printf                    00000000004010b0     FileName.obj
 0001:00000110       ___local_stdio_printf_options 0000000000401110     FileName.obj
 0001:00000116       @__security_check_cookie@4 0000000000401116     msvcrt:secchk.obj
 0001:00000124       ___report_gsfailure        0000000000401124     msvcrt:gs_report.obj
 0001:0000021f       ___raise_securityfailure   000000000040121f     msvcrt:gs_report.obj
 0001:0000048e       _mainCRTStartup            000000000040148e     msvcrt:exe_main.obj
 0001:00000498       _atexit                    0000000000401498     msvcrt:utility.obj
 0001:000004ad       __onexit                   00000000004014ad     msvcrt:utility.obj
 0001:000004db       ___scrt_is_nonwritable_in_current_image 00000000004014db     msvcrt:utility.obj
 0001:0000056f       ___scrt_acquire_startup_lock 000000000040156f     msvcrt:utility.obj
 0001:000005a1       ___scrt_release_startup_lock 00000000004015a1     msvcrt:utility.obj
 0001:000005be       ___scrt_initialize_crt     00000000004015be     msvcrt:utility.obj
 0001:000005f7       ___scrt_uninitialize_crt   00000000004015f7     msvcrt:utility.obj
 0001:0000061f       ___scrt_initialize_onexit_tables 000000000040161f     msvcrt:utility.obj
 0001:000006e8       ___security_init_cookie    00000000004016e8     msvcrt:gs_support.obj
 0001:00000780       __matherr                  0000000000401780     msvcrt:matherr.obj
 0001:00000780       __get_startup_commit_mode  0000000000401780     msvcrt:commit_mode.obj
 0001:00000780       __get_startup_new_mode     0000000000401780     msvcrt:new_mode.obj
 0001:00000780       __get_startup_thread_locale_mode 0000000000401780     msvcrt:thread_locale.obj
 0001:00000780       ___scrt_initialize_winrt   0000000000401780     msvcrt:utility_desktop.obj
 0001:00000780       ___scrt_stub_for_initialize_mta 0000000000401780     msvcrt:utility_desktop.obj
 0001:00000780       ___scrt_stub_for_initialize_mta 0000000000401780     msvcrt:utility_desktop.obj
 0001:00000783       __get_startup_argv_mode    0000000000401783     msvcrt:argv_mode.obj
 0001:00000787       __get_startup_file_mode    0000000000401787     msvcrt:file_mode.obj
 0001:0000078d       ?__scrt_initialize_type_info@@YAXXZ 000000000040178d     msvcrt:tncleanup.obj
 0001:00000799       __should_initialize_environment 0000000000401799     msvcrt:env_mode.obj
 0001:00000799       ___scrt_stub_for_acrt_initialize 0000000000401799     msvcrt:ucrt_stubs.obj
 0001:00000799       ___scrt_stub_for_acrt_uninitialize 0000000000401799     msvcrt:ucrt_stubs.obj
 0001:00000799       ___scrt_stub_for_acrt_initialize 0000000000401799     msvcrt:ucrt_stubs.obj
 0001:00000799       ___scrt_stub_for_acrt_uninitialize 0000000000401799     msvcrt:ucrt_stubs.obj
 0001:00000799       ___scrt_stub_for_acrt_initialize 0000000000401799     msvcrt:ucrt_stubs.obj
 0001:00000799       ___scrt_stub_for_acrt_uninitialize 0000000000401799     msvcrt:ucrt_stubs.obj
 0001:0000079c       __initialize_default_precision 000000000040179c     msvcrt:default_precision.obj
 0001:000007be       __initialize_invalid_parameter_handler 00000000004017be     msvcrt:invalid_parameter_handler.obj
 0001:000007be       __initialize_denormal_control 00000000004017be     msvcrt:denormal_control.obj
 0001:000007be       @_guard_check_icall_nop@4  00000000004017be     odbccp32:guard_check.obj
 0001:000007c1       ___scrt_initialize_default_local_stdio_options 00000000004017c1     msvcrt:default_local_stdio_options.obj
 0001:000007de       ___local_stdio_scanf_options 00000000004017de     msvcrt:default_local_stdio_options.obj
 0001:000007e4       ___scrt_is_user_matherr_present 00000000004017e4     msvcrt:matherr_detection.obj
 0001:000007f0       ___scrt_get_dyn_tls_init_callback 00000000004017f0     msvcrt:dyn_tls_init.obj
 0001:000007f6       ___scrt_get_dyn_tls_dtor_callback 00000000004017f6     msvcrt:dyn_tls_dtor.obj
 0001:000007fc       __crt_debugger_hook        00000000004017fc     msvcrt:utility_desktop.obj
 0001:00000804       ___scrt_is_managed_app     0000000000401804     msvcrt:utility_desktop.obj
 0001:00000846       ___scrt_initialize_mta     0000000000401846     msvcrt:utility_desktop.obj
 0001:0000084b       ___scrt_set_unhandled_exception_filter 000000000040184b     msvcrt:utility_desktop.obj
 0001:00000857       ___scrt_fastfail           0000000000401857     msvcrt:utility_desktop.obj
 0001:0000096c       ___scrt_unhandled_exception_filter@4 000000000040196c     msvcrt:utility_desktop.obj
 0001:000009c2       __RTC_Initialize           00000000004019c2     msvcrt:initsect.obj
 0001:000009ee       __RTC_Terminate            00000000004019ee     msvcrt:initsect.obj
 0001:00000a20       __SEH_prolog4              0000000000401a20     msvcrt:sehprolg4.obj
 0001:00000a65       __except_handler4          0000000000401a65     msvcrt:chandler4gs.obj
 0001:00000a94       ___isa_available_init      0000000000401a94     msvcrt:cpu_disp.obj
 0001:00000dc1       ___scrt_is_ucrt_dll_in_use 0000000000401dc1     msvcrt:ucrt_detection.obj
 0001:00000dcd       __filter_x86_sse2_floating_point_exception_default 0000000000401dcd     msvcrt:x86_exception_filter.obj
 0001:00000dcd       __filter_x86_sse2_floating_point_exception_default 0000000000401dcd     msvcrt:x86_exception_filter.obj
 0001:00000e44       ___current_exception       0000000000401e44     vcruntime:VCRUNTIME140.dll
 0001:00000e4a       ___current_exception_context 0000000000401e4a     vcruntime:VCRUNTIME140.dll
 0001:00000e50       __except_handler4_common   0000000000401e50     vcruntime:VCRUNTIME140.dll
 0001:00000e56       _memset                    0000000000401e56     vcruntime:VCRUNTIME140.dll
 0001:00000e5c       ___p___argc                0000000000401e5c     ucrt:api-ms-win-crt-runtime-l1-1-0.dll
 0001:00000e62       ___p___argv                0000000000401e62     ucrt:api-ms-win-crt-runtime-l1-1-0.dll
 0001:00000e68       ___p__commode              0000000000401e68     ucrt:api-ms-win-crt-stdio-l1-1-0.dll
 0001:00000e6e       ___setusermatherr          0000000000401e6e     ucrt:api-ms-win-crt-math-l1-1-0.dll
 0001:00000e74       __c_exit                   0000000000401e74     ucrt:api-ms-win-crt-runtime-l1-1-0.dll
 0001:00000e7a       __cexit                    0000000000401e7a     ucrt:api-ms-win-crt-runtime-l1-1-0.dll
 0001:00000e80       __configthreadlocale       0000000000401e80     ucrt:api-ms-win-crt-locale-l1-1-0.dll
 0001:00000e86       __configure_narrow_argv    0000000000401e86     ucrt:api-ms-win-crt-runtime-l1-1-0.dll
 0001:00000e8c       __controlfp_s              0000000000401e8c     ucrt:api-ms-win-crt-runtime-l1-1-0.dll
 0001:00000e92       __crt_atexit               0000000000401e92     ucrt:api-ms-win-crt-runtime-l1-1-0.dll
 0001:00000e98       __exit                     0000000000401e98     ucrt:api-ms-win-crt-runtime-l1-1-0.dll
 0001:00000e9e       __get_initial_narrow_environment 0000000000401e9e     ucrt:api-ms-win-crt-runtime-l1-1-0.dll
 0001:00000ea4       __initialize_narrow_environment 0000000000401ea4     ucrt:api-ms-win-crt-runtime-l1-1-0.dll
 0001:00000eaa       __initialize_onexit_table  0000000000401eaa     ucrt:api-ms-win-crt-runtime-l1-1-0.dll
 0001:00000eb0       __initterm                 0000000000401eb0     ucrt:api-ms-win-crt-runtime-l1-1-0.dll
 0001:00000eb6       __initterm_e               0000000000401eb6     ucrt:api-ms-win-crt-runtime-l1-1-0.dll
 0001:00000ebc       __register_onexit_function 0000000000401ebc     ucrt:api-ms-win-crt-runtime-l1-1-0.dll
 0001:00000ec2       __register_thread_local_exe_atexit_callback 0000000000401ec2     ucrt:api-ms-win-crt-runtime-l1-1-0.dll
 0001:00000ec8       __seh_filter_exe           0000000000401ec8     ucrt:api-ms-win-crt-runtime-l1-1-0.dll
 0001:00000ece       __set_app_type             0000000000401ece     ucrt:api-ms-win-crt-runtime-l1-1-0.dll
 0001:00000ed4       __set_fmode                0000000000401ed4     ucrt:api-ms-win-crt-stdio-l1-1-0.dll
 0001:00000eda       __set_new_mode             0000000000401eda     ucrt:api-ms-win-crt-heap-l1-1-0.dll
 0001:00000ee0       _exit                      0000000000401ee0     ucrt:api-ms-win-crt-runtime-l1-1-0.dll
 0001:00000ee6       _terminate                 0000000000401ee6     ucrt:api-ms-win-crt-runtime-l1-1-0.dll
 0002:00000008       __load_config_used         0000000000402008     msvcrt:loadcfg.obj
 0002:000000c8       ??_C@_0L@DHEOHBOP@ff?5?9?$DO?5?$CFlx?6?$AA@ 00000000004020c8     FileName.obj
 0002:000000d3       ??_C@_0L@IOHOHDAL@7f?5?9?$DO?5?$CFlx?6?$AA@ 00000000004020d3     FileName.obj
 0002:000000de       ??_C@_0N@LFNKMKMP@1337?5?9?$DO?5?$CFlx?6?$AA@ 00000000004020de     FileName.obj
 0002:000000eb       ??_C@_0N@MFEIDNKD@1234?5?9?$DO?5?$CFlx?6?$AA@ 00000000004020eb     FileName.obj
 0002:000000f8       ??_C@_0M@GHKGCGGM@103?5?9?$DO?5?$CFlx?6?$AA@ 00000000004020f8     FileName.obj
 0002:00000104       ??_C@_0N@JADKPECF@1212?5?9?$DO?5?$CFlx?6?$AA@ 0000000000402104     FileName.obj
 0000:00000000       ___safe_se_handler_table   0000000000402189     <linker-defined>
 0002:00000190       ___guard_check_icall_fptr  0000000000402190     odbccp32:guard_support.obj
 0002:00000194       ___castguard_check_failure_os_handled_fptr 0000000000402194     odbccp32:guard_support.obj
 0002:00000198       ___xc_a                    0000000000402198     msvcrt:initializers.obj
 0002:000001a0       ___xc_z                    00000000004021a0     msvcrt:initializers.obj
 0002:000001a4       ___xi_a                    00000000004021a4     msvcrt:initializers.obj
 0002:000001b0       ___xi_z                    00000000004021b0     msvcrt:initializers.obj
 0002:000001b4       ___xp_a                    00000000004021b4     msvcrt:initializers.obj
 0002:000001b8       ___xp_z                    00000000004021b8     msvcrt:initializers.obj
 0002:000001bc       ___xt_a                    00000000004021bc     msvcrt:initializers.obj
 0002:000001c0       ___xt_z                    00000000004021c0     msvcrt:initializers.obj
 0002:00000328       __imp__GetCurrentProcess@0 0000000000402328     kernel32:KERNEL32.dll
 0002:0000032c       __imp__GetCurrentProcessId@0 000000000040232c     kernel32:KERNEL32.dll
 0002:00000330       __imp__GetCurrentThreadId@0 0000000000402330     kernel32:KERNEL32.dll
 0002:00000334       __imp__GetModuleHandleW@4  0000000000402334     kernel32:KERNEL32.dll
 0002:00000338       __imp__GetSystemTimeAsFileTime@4 0000000000402338     kernel32:KERNEL32.dll
 0002:0000033c       __imp__InitializeSListHead@4 000000000040233c     kernel32:KERNEL32.dll
 0002:00000340       __imp__IsDebuggerPresent@0 0000000000402340     kernel32:KERNEL32.dll
 0002:00000344       __imp__IsProcessorFeaturePresent@4 0000000000402344     kernel32:KERNEL32.dll
 0002:00000348       __imp__QueryPerformanceCounter@4 0000000000402348     kernel32:KERNEL32.dll
 0002:0000034c       __imp__SetUnhandledExceptionFilter@4 000000000040234c     kernel32:KERNEL32.dll
 0002:00000350       __imp__TerminateProcess@8  0000000000402350     kernel32:KERNEL32.dll
 0002:00000354       __imp__UnhandledExceptionFilter@4 0000000000402354     kernel32:KERNEL32.dll
 0002:0000035c       __imp____current_exception 000000000040235c     vcruntime:VCRUNTIME140.dll
 0002:00000360       __imp____current_exception_context 0000000000402360     vcruntime:VCRUNTIME140.dll
 0002:00000364       __imp___except_handler4_common 0000000000402364     vcruntime:VCRUNTIME140.dll
 0002:00000368       __imp__memset              0000000000402368     vcruntime:VCRUNTIME140.dll
 0002:00000370       __imp____p___argc          0000000000402370     ucrt:api-ms-win-crt-runtime-l1-1-0.dll
 0002:00000374       __imp____p___argv          0000000000402374     ucrt:api-ms-win-crt-runtime-l1-1-0.dll
 0002:00000378       __imp___c_exit             0000000000402378     ucrt:api-ms-win-crt-runtime-l1-1-0.dll
 0002:0000037c       __imp___cexit              000000000040237c     ucrt:api-ms-win-crt-runtime-l1-1-0.dll
 0002:00000380       __imp___configure_narrow_argv 0000000000402380     ucrt:api-ms-win-crt-runtime-l1-1-0.dll
 0002:00000384       __imp___controlfp_s        0000000000402384     ucrt:api-ms-win-crt-runtime-l1-1-0.dll
 0002:00000388       __imp___crt_atexit         0000000000402388     ucrt:api-ms-win-crt-runtime-l1-1-0.dll
 0002:0000038c       __imp___exit               000000000040238c     ucrt:api-ms-win-crt-runtime-l1-1-0.dll
 0002:00000390       __imp___get_initial_narrow_environment 0000000000402390     ucrt:api-ms-win-crt-runtime-l1-1-0.dll
 0002:00000394       __imp___initialize_narrow_environment 0000000000402394     ucrt:api-ms-win-crt-runtime-l1-1-0.dll
 0002:00000398       __imp___initialize_onexit_table 0000000000402398     ucrt:api-ms-win-crt-runtime-l1-1-0.dll
 0002:0000039c       __imp___initterm           000000000040239c     ucrt:api-ms-win-crt-runtime-l1-1-0.dll
 0002:000003a0       __imp___initterm_e         00000000004023a0     ucrt:api-ms-win-crt-runtime-l1-1-0.dll
 0002:000003a4       __imp___register_onexit_function 00000000004023a4     ucrt:api-ms-win-crt-runtime-l1-1-0.dll
 0002:000003a8       __imp___register_thread_local_exe_atexit_callback 00000000004023a8     ucrt:api-ms-win-crt-runtime-l1-1-0.dll
 0002:000003ac       __imp___seh_filter_exe     00000000004023ac     ucrt:api-ms-win-crt-runtime-l1-1-0.dll
 0002:000003b0       __imp___set_app_type       00000000004023b0     ucrt:api-ms-win-crt-runtime-l1-1-0.dll
 0002:000003b4       __imp__exit                00000000004023b4     ucrt:api-ms-win-crt-runtime-l1-1-0.dll
 0002:000003b8       __imp__terminate           00000000004023b8     ucrt:api-ms-win-crt-runtime-l1-1-0.dll
 0002:000003c0       __imp____acrt_iob_func     00000000004023c0     ucrt:api-ms-win-crt-stdio-l1-1-0.dll
 0002:000003c4       __imp____p__commode        00000000004023c4     ucrt:api-ms-win-crt-stdio-l1-1-0.dll
 0002:000003c8       __imp____stdio_common_vfprintf 00000000004023c8     ucrt:api-ms-win-crt-stdio-l1-1-0.dll
 0002:000003cc       __imp___set_fmode          00000000004023cc     ucrt:api-ms-win-crt-stdio-l1-1-0.dll
 0002:000003d4       __imp____setusermatherr    00000000004023d4     ucrt:api-ms-win-crt-math-l1-1-0.dll
 0002:000003dc       __imp___configthreadlocale 00000000004023dc     ucrt:api-ms-win-crt-locale-l1-1-0.dll
 0002:000003e4       __imp___set_new_mode       00000000004023e4     ucrt:api-ms-win-crt-heap-l1-1-0.dll
 0002:00000810       ___rtc_iaa                 0000000000402810     msvcrt:initsect.obj
 0002:00000814       ___rtc_izz                 0000000000402814     msvcrt:initsect.obj
 0002:00000818       ___rtc_taa                 0000000000402818     msvcrt:initsect.obj
 0002:0000081c       ___rtc_tzz                 000000000040281c     msvcrt:initsect.obj
 0003:00000000       ___security_cookie         0000000000403000     msvcrt:gs_cookie.obj
 0003:00000040       ___security_cookie_complement 0000000000403040     msvcrt:gs_cookie.obj
 0003:00000044       ___scrt_native_dllmain_reason 0000000000403044     msvcrt:utility.obj
 0003:00000048       ___scrt_default_matherr    0000000000403048     msvcrt:matherr.obj
 0003:00000050       ___isa_inverted            0000000000403050     msvcrt:cpu_disp.obj
 0003:00000058       ___isa_enabled             0000000000403058     msvcrt:cpu_disp.obj
 0003:0000005c       ___scrt_ucrt_dll_is_in_use 000000000040305c     msvcrt:ucrt_stubs.obj
 0003:00000060       ?_OptionsStorage@?1??__local_stdio_printf_options@@9@4_KA 0000000000403060     FileName.obj
 0003:00000384       ___scrt_current_native_startup_state 0000000000403384     msvcrt:utility.obj
 0003:00000388       ___scrt_native_startup_lock 0000000000403388     msvcrt:utility.obj
 0003:000003a8       ?__type_info_root_node@@3U__type_info_node@@A 00000000004033a8     msvcrt:tncleanup.obj
 0003:000003b0       ?_OptionsStorage@?1??__local_stdio_scanf_options@@9@4_KA 00000000004033b0     msvcrt:default_local_stdio_options.obj
 0000:00000000       ___dyn_tls_init_callback   00000000004033bc     <common>
 0000:00000000       ___dyn_tls_dtor_callback   00000000004033c0     <common>
 0003:000003c4       ___scrt_debugger_hook_flag 00000000004033c4     msvcrt:utility_desktop.obj
 0003:000003c8       ___avx10_version           00000000004033c8     msvcrt:cpu_disp.obj
 0003:000003cc       ___isa_available           00000000004033cc     msvcrt:cpu_disp.obj
 0003:000003d0       ___favor                   00000000004033d0     msvcrt:cpu_disp.obj

 entry point at         0001:0000048e

 Static symbols

 0000:00000000       __guard_fids__             0000000000400000     msvcrt:exe_main.obj
 0000:00000000       __guard_fids_?pre_c_initialization@@YAHXZ 0000000000400000     msvcrt:exe_main.obj
 0000:00000000       __guard_fids____scrt_set_unhandled_exception_filter 0000000000400000     msvcrt:utility_desktop.obj
 0000:00000000       __guard_fids___except_handler4 0000000000400000     msvcrt:chandler4gs.obj
 0000:00000000       __guard_fids__             0000000000400000     odbccp32:guard_support.obj
 0000:00000004       __guard_fids__             0000000000400004     msvcrt:exe_main.obj
 0000:00000008       __guard_fids__             0000000000400008     msvcrt:exe_main.obj
 0001:00000247       ?pre_c_initialization@@YAHXZ 0000000000401247     msvcrt:exe_main.obj
 0001:000002f2       ?post_pgo_initialization@@YAHXZ 00000000004012f2     msvcrt:exe_main.obj
 0001:000002fa       ?pre_cpp_initialization@@YAXXZ 00000000004012fa     msvcrt:exe_main.obj
 0001:0000030c       ?__scrt_common_main_seh@@YAHXZ 000000000040130c     msvcrt:exe_main.obj
 0001:000006a6       ?find_pe_section@@YAPAU_IMAGE_SECTION_HEADER@@QAEI@Z 00000000004016a6     msvcrt:utility.obj
 0001:00000733       ___get_entropy             0000000000401733     msvcrt:gs_support.obj
 0001:00000a20       $$000000                   0000000000401a20     msvcrt:sehprolg4.obj
 0002:00000000       _GS_ExceptionPointers      0000000000402000     msvcrt:gs_report.obj
 0002:0000019c       ?pre_cpp_initializer@@3P6AXXZA 000000000040219c     msvcrt:exe_main.obj
 0002:000001a8       ?pre_c_initializer@@3P6AHXZA 00000000004021a8     msvcrt:exe_main.obj
 0002:000001ac       ?post_pgo_initializer@@3P6AHXZA 00000000004021ac     msvcrt:exe_main.obj
 0002:00000820       __sehtable$?__scrt_common_main_seh@@YAHXZ 0000000000402820     msvcrt:exe_main.obj
 0002:00000840       __sehtable$___scrt_is_nonwritable_in_current_image 0000000000402840     msvcrt:utility.obj
 0003:00000068       _GS_ExceptionRecord        0000000000403068     msvcrt:gs_report.obj
 0003:000000b8       _GS_ContextRecord          00000000004030b8     msvcrt:gs_report.obj
 0003:0000038c       ?is_initialized_as_dll@@3_NA 000000000040338c     msvcrt:utility.obj
 0003:0000038d       ?module_local_atexit_table_initialized@@3_NA 000000000040338d     msvcrt:utility.obj
 0003:00000390       ?module_local_atexit_table@@3U_onexit_table_t@@A 0000000000403390     msvcrt:utility.obj
 0003:0000039c       ?module_local_at_quick_exit_table@@3U_onexit_table_t@@A 000000000040339c     msvcrt:utility.obj
 0004:00000060       $R000000                   0000000000404060     internal .obj file created from .res files
