 TestProject

 Timestamp is 67bc1179 (Mon Feb 24 06:28:09 2025)

 Preferred load address is 0000000140000000

 Start         Length     Name                   Class
 0001:00000000 00000138H .text                   CODE
 0001:00000140 00000cf0H .text$mn                CODE
 0001:00000e30 00000036H .text$mn$00             CODE
 0001:00000e66 00000036H .text$x                 CODE
 0002:00000000 00000160H .rdata                  DATA
 0002:00000228 00000038H .00cfg                  DATA
 0002:00000260 00000008H .CRT$XCA                DATA
 0002:00000268 00000008H .CRT$XCAA               DATA
 0002:00000270 00000008H .CRT$XCZ                DATA
 0002:00000278 00000008H .CRT$XIA                DATA
 0002:00000280 00000008H .CRT$XIAA               DATA
 0002:00000288 00000008H .CRT$XIAC               DATA
 0002:00000290 00000008H .CRT$XIZ                DATA
 0002:00000298 00000008H .CRT$XPA                DATA
 0002:000002a0 00000008H .CRT$XPZ                DATA
 0002:000002a8 00000008H .CRT$XTA                DATA
 0002:000002b0 00000008H .CRT$XTZ                DATA
 0002:00000af8 00000008H .rtc$IAA                DATA
 0002:00000b00 00000008H .rtc$IZZ                DATA
 0002:00000b08 00000008H .rtc$TAA                DATA
 0002:00000b10 00000008H .rtc$TZZ                DATA
 0002:00000b18 000000f4H .xdata                  DATA
 0003:00000000 00000074H .data                   DATA
 0003:00000074 00000608H .bss                    DATA
 0004:00000000 00000174H .pdata                  DATA
 0005:00000000 0000008cH .retplne                DATA
 0006:00000000 00000058H .rsrc$01                DATA
 0006:00000060 00000148H .rsrc$02                DATA

  Address         Publics by Value              Rva+Base               Lib:Object

 0000:00000000       __AbsoluteZero             0000000000000000     <absolute>
 0000:00000000       __guard_fids_table         0000000000000000     <absolute>
 0000:00000000       __guard_fids_count         0000000000000000     <absolute>
 0000:00000000       __guard_flags              0000000000000000     <absolute>
 0000:00000000       __guard_iat_table          0000000000000000     <absolute>
 0000:00000000       __guard_iat_count          0000000000000000     <absolute>
 0000:00000000       __guard_longjmp_table      0000000000000000     <absolute>
 0000:00000000       __guard_longjmp_count      0000000000000000     <absolute>
 0000:00000000       __enclave_config           0000000000000000     <absolute>
 0000:00000000       __guard_eh_cont_table      0000000000000000     <absolute>
 0000:00000000       __guard_eh_cont_count      0000000000000000     <absolute>
 0000:00000000       __AbsoluteZero             0000000000000000     <absolute>
 0000:00000003       @vol.md                    0000000000000003     <absolute>
 0000:00000003       @vol.md                    0000000000000003     <absolute>
 0000:00000003       @vol.md                    0000000000000003     <absolute>
 0000:00000003       @vol.md                    0000000000000003     <absolute>
 0000:00000003       @vol.md                    0000000000000003     <absolute>
 0000:00000003       @vol.md                    0000000000000003     <absolute>
 0000:00000003       @vol.md                    0000000000000003     <absolute>
 0000:00000003       @vol.md                    0000000000000003     <absolute>
 0000:00000003       @vol.md                    0000000000000003     <absolute>
 0000:00000003       @vol.md                    0000000000000003     <absolute>
 0000:00000003       @vol.md                    0000000000000003     <absolute>
 0000:00000003       @vol.md                    0000000000000003     <absolute>
 0000:00000003       @vol.md                    0000000000000003     <absolute>
 0000:00000003       @vol.md                    0000000000000003     <absolute>
 0000:00000003       @vol.md                    0000000000000003     <absolute>
 0000:00000003       @vol.md                    0000000000000003     <absolute>
 0000:00000003       @vol.md                    0000000000000003     <absolute>
 0000:00000003       @vol.md                    0000000000000003     <absolute>
 0000:00000003       @vol.md                    0000000000000003     <absolute>
 0000:00000003       @vol.md                    0000000000000003     <absolute>
 0000:00000003       @vol.md                    0000000000000003     <absolute>
 0000:00000003       @vol.md                    0000000000000003     <absolute>
 0000:00000003       @vol.md                    0000000000000003     <absolute>
 0000:00000003       @vol.md                    0000000000000003     <absolute>
 0000:00000003       @vol.md                    0000000000000003     <absolute>
 0000:00000003       @vol.md                    0000000000000003     <absolute>
 0000:00000003       @vol.md                    0000000000000003     <absolute>
 0000:00000000       __ImageBase                0000000140000000     <linker-defined>
 0001:00000000       main                       0000000140001000     FileName.obj
 0001:000000b0       printf                     00000001400010b0     FileName.obj
 0001:00000130       __local_stdio_printf_options 0000000140001130     FileName.obj
 0001:00000150       __security_check_cookie    0000000140001150     msvcrt:amdsecgs.obj
 0001:00000170       __report_gsfailure         0000000140001170     msvcrt:gs_report.obj
 0001:000002b8       __raise_securityfailure    00000001400012b8     msvcrt:gs_report.obj
 0001:0000054c       mainCRTStartup             000000014000154c     msvcrt:exe_main.obj
 0001:00000560       atexit                     0000000140001560     msvcrt:utility.obj
 0001:00000578       _onexit                    0000000140001578     msvcrt:utility.obj
 0001:000005b4       __scrt_is_nonwritable_in_current_image 00000001400015b4     msvcrt:utility.obj
 0001:0000064c       __scrt_acquire_startup_lock 000000014000164c     msvcrt:utility.obj
 0001:00000688       __scrt_release_startup_lock 0000000140001688     msvcrt:utility.obj
 0001:000006ac       __scrt_initialize_crt      00000001400016ac     msvcrt:utility.obj
 0001:000006e8       __scrt_uninitialize_crt    00000001400016e8     msvcrt:utility.obj
 0001:00000714       __scrt_initialize_onexit_tables 0000000140001714     msvcrt:utility.obj
 0001:000007a0       __security_init_cookie     00000001400017a0     msvcrt:gs_support.obj
 0001:0000084c       _matherr                   000000014000184c     msvcrt:matherr.obj
 0001:0000084c       _get_startup_commit_mode   000000014000184c     msvcrt:commit_mode.obj
 0001:0000084c       _get_startup_new_mode      000000014000184c     msvcrt:new_mode.obj
 0001:0000084c       _get_startup_thread_locale_mode 000000014000184c     msvcrt:thread_locale.obj
 0001:0000084c       __scrt_initialize_winrt    000000014000184c     msvcrt:utility_desktop.obj
 0001:0000084c       __scrt_stub_for_initialize_mta 000000014000184c     msvcrt:utility_desktop.obj
 0001:0000084c       __scrt_stub_for_initialize_mta 000000014000184c     msvcrt:utility_desktop.obj
 0001:00000850       _get_startup_argv_mode     0000000140001850     msvcrt:argv_mode.obj
 0001:00000858       _get_startup_file_mode     0000000140001858     msvcrt:file_mode.obj
 0001:00000860       ?__scrt_initialize_type_info@@YAXXZ 0000000140001860     msvcrt:tncleanup.obj
 0001:00000870       _should_initialize_environment 0000000140001870     msvcrt:env_mode.obj
 0001:00000870       __scrt_stub_for_acrt_initialize 0000000140001870     msvcrt:ucrt_stubs.obj
 0001:00000870       __scrt_stub_for_acrt_uninitialize 0000000140001870     msvcrt:ucrt_stubs.obj
 0001:00000870       __scrt_stub_for_acrt_initialize 0000000140001870     msvcrt:ucrt_stubs.obj
 0001:00000870       __scrt_stub_for_acrt_uninitialize 0000000140001870     msvcrt:ucrt_stubs.obj
 0001:00000870       __scrt_stub_for_acrt_initialize 0000000140001870     msvcrt:ucrt_stubs.obj
 0001:00000870       __scrt_stub_for_acrt_uninitialize 0000000140001870     msvcrt:ucrt_stubs.obj
 0001:00000874       _initialize_invalid_parameter_handler 0000000140001874     msvcrt:invalid_parameter_handler.obj
 0001:00000874       _initialize_denormal_control 0000000140001874     msvcrt:denormal_control.obj
 0001:00000878       __scrt_initialize_default_local_stdio_options 0000000140001878     msvcrt:default_local_stdio_options.obj
 0001:00000894       __local_stdio_scanf_options 0000000140001894     msvcrt:default_local_stdio_options.obj
 0001:0000089c       __scrt_is_user_matherr_present 000000014000189c     msvcrt:matherr_detection.obj
 0001:000008a8       __scrt_get_dyn_tls_init_callback 00000001400018a8     msvcrt:dyn_tls_init.obj
 0001:000008b0       __scrt_get_dyn_tls_dtor_callback 00000001400018b0     msvcrt:dyn_tls_dtor.obj
 0001:000008b8       __crt_debugger_hook        00000001400018b8     msvcrt:utility_desktop.obj
 0001:000008c0       __scrt_is_managed_app      00000001400018c0     msvcrt:utility_desktop.obj
 0001:00000914       __scrt_initialize_mta      0000000140001914     msvcrt:utility_desktop.obj
 0001:0000091c       __scrt_set_unhandled_exception_filter 000000014000191c     msvcrt:utility_desktop.obj
 0001:0000092c       __scrt_fastfail            000000014000192c     msvcrt:utility_desktop.obj
 0001:00000a74       __scrt_unhandled_exception_filter 0000000140001a74     msvcrt:utility_desktop.obj
 0001:00000ad0       _RTC_Initialize            0000000140001ad0     msvcrt:initsect.obj
 0001:00000b0c       _RTC_Terminate             0000000140001b0c     msvcrt:initsect.obj
 0001:00000b48       __isa_available_init       0000000140001b48     msvcrt:cpu_disp.obj
 0001:00000e14       __scrt_is_ucrt_dll_in_use  0000000140001e14     msvcrt:ucrt_detection.obj
 0001:00000e20       _guard_check_icall_nop     0000000140001e20     odbccp32:guard_check.obj
 0001:00000e40       _guard_dispatch_icall_nop  0000000140001e40     odbccp32:guard_dispatch.obj
 0001:00000e60       _guard_xfg_dispatch_icall_nop 0000000140001e60     odbccp32:guard_xfg_dispatch.obj
 0001:00000ea0       __C_specific_handler       0000000140001ea0     vcruntime:VCRUNTIME140.dll
 0001:00000eb0       __current_exception        0000000140001eb0     vcruntime:VCRUNTIME140.dll
 0001:00000ec0       __current_exception_context 0000000140001ec0     vcruntime:VCRUNTIME140.dll
 0001:00000ed0       memset                     0000000140001ed0     vcruntime:VCRUNTIME140.dll
 0001:00000ee0       __p___argc                 0000000140001ee0     ucrt:api-ms-win-crt-runtime-l1-1-0.dll
 0001:00000ef0       __p___argv                 0000000140001ef0     ucrt:api-ms-win-crt-runtime-l1-1-0.dll
 0001:00000f00       __p__commode               0000000140001f00     ucrt:api-ms-win-crt-stdio-l1-1-0.dll
 0001:00000f10       __setusermatherr           0000000140001f10     ucrt:api-ms-win-crt-math-l1-1-0.dll
 0001:00000f20       _c_exit                    0000000140001f20     ucrt:api-ms-win-crt-runtime-l1-1-0.dll
 0001:00000f30       _cexit                     0000000140001f30     ucrt:api-ms-win-crt-runtime-l1-1-0.dll
 0001:00000f40       _configthreadlocale        0000000140001f40     ucrt:api-ms-win-crt-locale-l1-1-0.dll
 0001:00000f50       _configure_narrow_argv     0000000140001f50     ucrt:api-ms-win-crt-runtime-l1-1-0.dll
 0001:00000f60       _crt_atexit                0000000140001f60     ucrt:api-ms-win-crt-runtime-l1-1-0.dll
 0001:00000f70       _exit                      0000000140001f70     ucrt:api-ms-win-crt-runtime-l1-1-0.dll
 0001:00000f80       _get_initial_narrow_environment 0000000140001f80     ucrt:api-ms-win-crt-runtime-l1-1-0.dll
 0001:00000f90       _initialize_narrow_environment 0000000140001f90     ucrt:api-ms-win-crt-runtime-l1-1-0.dll
 0001:00000fa0       _initialize_onexit_table   0000000140001fa0     ucrt:api-ms-win-crt-runtime-l1-1-0.dll
 0001:00000fb0       _initterm                  0000000140001fb0     ucrt:api-ms-win-crt-runtime-l1-1-0.dll
 0001:00000fc0       _initterm_e                0000000140001fc0     ucrt:api-ms-win-crt-runtime-l1-1-0.dll
 0001:00000fd0       _register_onexit_function  0000000140001fd0     ucrt:api-ms-win-crt-runtime-l1-1-0.dll
 0001:00000fe0       _register_thread_local_exe_atexit_callback 0000000140001fe0     ucrt:api-ms-win-crt-runtime-l1-1-0.dll
 0001:00000ff0       _seh_filter_exe            0000000140001ff0     ucrt:api-ms-win-crt-runtime-l1-1-0.dll
 0001:00001000       _set_app_type              0000000140002000     ucrt:api-ms-win-crt-runtime-l1-1-0.dll
 0001:00001010       _set_fmode                 0000000140002010     ucrt:api-ms-win-crt-stdio-l1-1-0.dll
 0001:00001020       _set_new_mode              0000000140002020     ucrt:api-ms-win-crt-heap-l1-1-0.dll
 0001:00001030       exit                       0000000140002030     ucrt:api-ms-win-crt-runtime-l1-1-0.dll
 0001:00001040       terminate                  0000000140002040     ucrt:api-ms-win-crt-runtime-l1-1-0.dll
 0001:00001050       memcpy                     0000000140002050     vcruntime:VCRUNTIME140.dll
 0002:00000010       _load_config_used          0000000140003010     msvcrt:loadcfg.obj
 0002:00000150       __xmm@ffffffffffffffffffffffffffffffff 0000000140003150     msvcrt:utility.obj
 0002:00000160       ??_C@_0L@DHEOHBOP@ff?5?9?$DO?5?$CFlx?6?$AA@ 0000000140003160     FileName.obj
 0002:0000016b       ??_C@_0L@IOHOHDAL@7f?5?9?$DO?5?$CFlx?6?$AA@ 000000014000316b     FileName.obj
 0002:00000176       ??_C@_0N@LFNKMKMP@1337?5?9?$DO?5?$CFlx?6?$AA@ 0000000140003176     FileName.obj
 0002:00000183       ??_C@_0N@MFEIDNKD@1234?5?9?$DO?5?$CFlx?6?$AA@ 0000000140003183     FileName.obj
 0002:00000190       ??_C@_0M@GHKGCGGM@103?5?9?$DO?5?$CFlx?6?$AA@ 0000000140003190     FileName.obj
 0002:0000019c       ??_C@_0N@JADKPECF@1212?5?9?$DO?5?$CFlx?6?$AA@ 000000014000319c     FileName.obj
 0002:00000228       __guard_check_icall_fptr   0000000140003228     odbccp32:guard_support.obj
 0002:00000230       __guard_dispatch_icall_fptr 0000000140003230     odbccp32:guard_support.obj
 0002:00000238       __guard_xfg_check_icall_fptr 0000000140003238     odbccp32:guard_support.obj
 0002:00000240       __guard_xfg_dispatch_icall_fptr 0000000140003240     odbccp32:guard_support.obj
 0002:00000248       __guard_xfg_table_dispatch_icall_fptr 0000000140003248     odbccp32:guard_support.obj
 0002:00000250       __castguard_check_failure_os_handled_fptr 0000000140003250     odbccp32:guard_support.obj
 0002:00000258       __guard_memcpy_fptr        0000000140003258     vcruntime:softmemtag.obj
 0002:00000260       __xc_a                     0000000140003260     msvcrt:initializers.obj
 0002:00000270       __xc_z                     0000000140003270     msvcrt:initializers.obj
 0002:00000278       __xi_a                     0000000140003278     msvcrt:initializers.obj
 0002:00000290       __xi_z                     0000000140003290     msvcrt:initializers.obj
 0002:00000298       __xp_a                     0000000140003298     msvcrt:initializers.obj
 0002:000002a0       __xp_z                     00000001400032a0     msvcrt:initializers.obj
 0002:000002a8       __xt_a                     00000001400032a8     msvcrt:initializers.obj
 0002:000002b0       __xt_z                     00000001400032b0     msvcrt:initializers.obj
 0002:000004f8       __imp_GetCurrentProcess    00000001400034f8     kernel32:KERNEL32.dll
 0002:00000500       __imp_GetCurrentProcessId  0000000140003500     kernel32:KERNEL32.dll
 0002:00000508       __imp_GetCurrentThreadId   0000000140003508     kernel32:KERNEL32.dll
 0002:00000510       __imp_GetModuleHandleW     0000000140003510     kernel32:KERNEL32.dll
 0002:00000518       __imp_GetSystemTimeAsFileTime 0000000140003518     kernel32:KERNEL32.dll
 0002:00000520       __imp_InitializeSListHead  0000000140003520     kernel32:KERNEL32.dll
 0002:00000528       __imp_IsDebuggerPresent    0000000140003528     kernel32:KERNEL32.dll
 0002:00000530       __imp_IsProcessorFeaturePresent 0000000140003530     kernel32:KERNEL32.dll
 0002:00000538       __imp_QueryPerformanceCounter 0000000140003538     kernel32:KERNEL32.dll
 0002:00000540       __imp_RtlCaptureContext    0000000140003540     kernel32:KERNEL32.dll
 0002:00000548       __imp_RtlLookupFunctionEntry 0000000140003548     kernel32:KERNEL32.dll
 0002:00000550       __imp_RtlVirtualUnwind     0000000140003550     kernel32:KERNEL32.dll
 0002:00000558       __imp_SetUnhandledExceptionFilter 0000000140003558     kernel32:KERNEL32.dll
 0002:00000560       __imp_TerminateProcess     0000000140003560     kernel32:KERNEL32.dll
 0002:00000568       __imp_UnhandledExceptionFilter 0000000140003568     kernel32:KERNEL32.dll
 0002:00000578       __imp___C_specific_handler 0000000140003578     vcruntime:VCRUNTIME140.dll
 0002:00000580       __imp___current_exception  0000000140003580     vcruntime:VCRUNTIME140.dll
 0002:00000588       __imp___current_exception_context 0000000140003588     vcruntime:VCRUNTIME140.dll
 0002:00000590       __imp_memcpy               0000000140003590     vcruntime:VCRUNTIME140.dll
 0002:00000598       __imp_memset               0000000140003598     vcruntime:VCRUNTIME140.dll
 0002:000005a8       __imp___acrt_iob_func      00000001400035a8     ucrt:api-ms-win-crt-stdio-l1-1-0.dll
 0002:000005b0       __imp___p__commode         00000001400035b0     ucrt:api-ms-win-crt-stdio-l1-1-0.dll
 0002:000005b8       __imp___stdio_common_vfprintf 00000001400035b8     ucrt:api-ms-win-crt-stdio-l1-1-0.dll
 0002:000005c0       __imp__set_fmode           00000001400035c0     ucrt:api-ms-win-crt-stdio-l1-1-0.dll
 0002:000005d0       __imp___p___argc           00000001400035d0     ucrt:api-ms-win-crt-runtime-l1-1-0.dll
 0002:000005d8       __imp___p___argv           00000001400035d8     ucrt:api-ms-win-crt-runtime-l1-1-0.dll
 0002:000005e0       __imp__c_exit              00000001400035e0     ucrt:api-ms-win-crt-runtime-l1-1-0.dll
 0002:000005e8       __imp__cexit               00000001400035e8     ucrt:api-ms-win-crt-runtime-l1-1-0.dll
 0002:000005f0       __imp__configure_narrow_argv 00000001400035f0     ucrt:api-ms-win-crt-runtime-l1-1-0.dll
 0002:000005f8       __imp__crt_atexit          00000001400035f8     ucrt:api-ms-win-crt-runtime-l1-1-0.dll
 0002:00000600       __imp__exit                0000000140003600     ucrt:api-ms-win-crt-runtime-l1-1-0.dll
 0002:00000608       __imp__get_initial_narrow_environment 0000000140003608     ucrt:api-ms-win-crt-runtime-l1-1-0.dll
 0002:00000610       __imp__initialize_narrow_environment 0000000140003610     ucrt:api-ms-win-crt-runtime-l1-1-0.dll
 0002:00000618       __imp__initialize_onexit_table 0000000140003618     ucrt:api-ms-win-crt-runtime-l1-1-0.dll
 0002:00000620       __imp__initterm            0000000140003620     ucrt:api-ms-win-crt-runtime-l1-1-0.dll
 0002:00000628       __imp__initterm_e          0000000140003628     ucrt:api-ms-win-crt-runtime-l1-1-0.dll
 0002:00000630       __imp__register_onexit_function 0000000140003630     ucrt:api-ms-win-crt-runtime-l1-1-0.dll
 0002:00000638       __imp__register_thread_local_exe_atexit_callback 0000000140003638     ucrt:api-ms-win-crt-runtime-l1-1-0.dll
 0002:00000640       __imp__seh_filter_exe      0000000140003640     ucrt:api-ms-win-crt-runtime-l1-1-0.dll
 0002:00000648       __imp__set_app_type        0000000140003648     ucrt:api-ms-win-crt-runtime-l1-1-0.dll
 0002:00000650       __imp_exit                 0000000140003650     ucrt:api-ms-win-crt-runtime-l1-1-0.dll
 0002:00000658       __imp_terminate            0000000140003658     ucrt:api-ms-win-crt-runtime-l1-1-0.dll
 0002:00000668       __imp___setusermatherr     0000000140003668     ucrt:api-ms-win-crt-math-l1-1-0.dll
 0002:00000678       __imp__configthreadlocale  0000000140003678     ucrt:api-ms-win-crt-locale-l1-1-0.dll
 0002:00000688       __imp__set_new_mode        0000000140003688     ucrt:api-ms-win-crt-heap-l1-1-0.dll
 0002:00000af8       __rtc_iaa                  0000000140003af8     msvcrt:initsect.obj
 0002:00000b00       __rtc_izz                  0000000140003b00     msvcrt:initsect.obj
 0002:00000b08       __rtc_taa                  0000000140003b08     msvcrt:initsect.obj
 0002:00000b10       __rtc_tzz                  0000000140003b10     msvcrt:initsect.obj
 0003:00000000       __security_cookie          0000000140004000     msvcrt:gs_cookie.obj
 0003:00000040       __security_cookie_complement 0000000140004040     msvcrt:gs_cookie.obj
 0003:00000048       __scrt_native_dllmain_reason 0000000140004048     msvcrt:utility.obj
 0003:0000004c       __scrt_default_matherr     000000014000404c     msvcrt:matherr.obj
 0003:00000050       __isa_inverted             0000000140004050     msvcrt:cpu_disp.obj
 0003:00000058       __isa_available            0000000140004058     msvcrt:cpu_disp.obj
 0003:0000005c       __isa_enabled              000000014000405c     msvcrt:cpu_disp.obj
 0003:00000060       __memset_fast_string_threshold 0000000140004060     msvcrt:cpu_disp.obj
 0003:00000068       __memset_nt_threshold      0000000140004068     msvcrt:cpu_disp.obj
 0003:00000070       __scrt_ucrt_dll_is_in_use  0000000140004070     msvcrt:ucrt_stubs.obj
 0003:00000078       ?_OptionsStorage@?1??__local_stdio_printf_options@@9@4_KA 0000000140004078     FileName.obj
 0003:000005f0       __scrt_current_native_startup_state 00000001400045f0     msvcrt:utility.obj
 0003:000005f8       __scrt_native_startup_lock 00000001400045f8     msvcrt:utility.obj
 0003:00000640       ?__type_info_root_node@@3U__type_info_node@@A 0000000140004640     msvcrt:tncleanup.obj
 0003:00000650       ?_OptionsStorage@?1??__local_stdio_scanf_options@@9@4_KA 0000000140004650     msvcrt:default_local_stdio_options.obj
 0000:00000000       __dyn_tls_init_callback    0000000140004660     <common>
 0000:00000000       __dyn_tls_dtor_callback    0000000140004668     <common>
 0003:00000670       __scrt_debugger_hook_flag  0000000140004670     msvcrt:utility_desktop.obj
 0003:00000674       __avx10_version            0000000140004674     msvcrt:cpu_disp.obj
 0003:00000678       __favor                    0000000140004678     msvcrt:cpu_disp.obj

 entry point at         0001:0000054c

 Static symbols

 0000:00000000       __guard_fids__             0000000140000000     msvcrt:exe_main.obj
 0000:00000000       __guard_fids_?pre_c_initialization@@YAHXZ 0000000140000000     msvcrt:exe_main.obj
 0000:00000000       __guard_ehcont_?__scrt_common_main_seh@@YAHXZ 0000000140000000     msvcrt:exe_main.obj
 0000:00000000       __guard_ehcont___scrt_is_nonwritable_in_current_image 0000000140000000     msvcrt:utility.obj
 0000:00000000       __guard_fids___scrt_set_unhandled_exception_filter 0000000140000000     msvcrt:utility_desktop.obj
 0000:00000000       __guard_fids__             0000000140000000     odbccp32:guard_support.obj
 0000:00000000       __guard_fids__             0000000140000000     odbccp32:guard_support.obj
 0000:00000000       __guard_fids__             0000000140000000     vcruntime:softmemtag.obj
 0000:00000004       __guard_fids__             0000000140000004     msvcrt:exe_main.obj
 0000:00000008       __guard_fids__             0000000140000008     msvcrt:exe_main.obj
 0001:00000140       $$000000                   0000000140001140     msvcrt:amdsecgs.obj
 0001:00000244       capture_previous_context   0000000140001244     msvcrt:gs_report.obj
 0001:000002ec       ?pre_c_initialization@@YAHXZ 00000001400012ec     msvcrt:exe_main.obj
 0001:000003a4       ?post_pgo_initialization@@YAHXZ 00000001400013a4     msvcrt:exe_main.obj
 0001:000003b4       ?pre_cpp_initialization@@YAXXZ 00000001400013b4     msvcrt:exe_main.obj
 0001:000003d0       ?__scrt_common_main_seh@@YAHXZ 00000001400013d0     msvcrt:exe_main.obj
 0001:00000e30       $$000000                   0000000140001e30     odbccp32:guard_dispatch.obj
 0001:00000e50       $$000000                   0000000140001e50     odbccp32:guard_xfg_dispatch.obj
 0001:00000e66       ?filt$0@?0??__scrt_common_main_seh@@YAHXZ@4HA 0000000140001e66     msvcrt:exe_main.obj
 0001:00000e84       __scrt_is_nonwritable_in_current_image$filt$0 0000000140001e84     msvcrt:utility.obj
 0002:00000000       GS_ExceptionPointers       0000000140003000     msvcrt:gs_report.obj
 0002:00000268       ?pre_cpp_initializer@@3P6AXXZEA 0000000140003268     msvcrt:exe_main.obj
 0002:00000280       ?pre_c_initializer@@3P6AHXZEA 0000000140003280     msvcrt:exe_main.obj
 0002:00000288       ?post_pgo_initializer@@3P6AHXZEA 0000000140003288     msvcrt:exe_main.obj
 0002:00000b30       $xdatasym                  0000000140003b30     msvcrt:amdsecgs.obj
 0002:00000b34       $unwind$__report_gsfailure 0000000140003b34     msvcrt:gs_report.obj
 0002:00000b3c       $unwind$capture_previous_context 0000000140003b3c     msvcrt:gs_report.obj
 0002:00000b48       $unwind$__raise_securityfailure 0000000140003b48     msvcrt:gs_report.obj
 0002:00000b48       $unwind$?pre_c_initialization@@YAHXZ 0000000140003b48     msvcrt:exe_main.obj
 0002:00000b48       $unwind$_onexit            0000000140003b48     msvcrt:utility.obj
 0002:00000b48       $unwind$__scrt_release_startup_lock 0000000140003b48     msvcrt:utility.obj
 0002:00000b48       $unwind$__scrt_uninitialize_crt 0000000140003b48     msvcrt:utility.obj
 0002:00000b48       $unwind$__scrt_initialize_onexit_tables 0000000140003b48     msvcrt:utility.obj
 0002:00000b50       $unwind$?post_pgo_initialization@@YAHXZ 0000000140003b50     msvcrt:exe_main.obj
 0002:00000b50       $unwind$?pre_cpp_initialization@@YAXXZ 0000000140003b50     msvcrt:exe_main.obj
 0002:00000b50       $unwind$mainCRTStartup     0000000140003b50     msvcrt:exe_main.obj
 0002:00000b50       $unwind$atexit             0000000140003b50     msvcrt:utility.obj
 0002:00000b50       $unwind$__scrt_acquire_startup_lock 0000000140003b50     msvcrt:utility.obj
 0002:00000b50       $unwind$__scrt_initialize_crt 0000000140003b50     msvcrt:utility.obj
 0002:00000b50       $unwind$__scrt_initialize_default_local_stdio_options 0000000140003b50     msvcrt:default_local_stdio_options.obj
 0002:00000b50       $unwind$__scrt_is_managed_app 0000000140003b50     msvcrt:utility_desktop.obj
 0002:00000b58       $unwind$?__scrt_common_main_seh@@YAHXZ 0000000140003b58     msvcrt:exe_main.obj
 0002:00000b90       $unwind$?filt$0@?0??__scrt_common_main_seh@@YAHXZ@4HA 0000000140003b90     msvcrt:exe_main.obj
 0002:00000b98       $unwind$__scrt_is_nonwritable_in_current_image 0000000140003b98     msvcrt:utility.obj
 0002:00000bb8       $unwind$__scrt_is_nonwritable_in_current_image$filt$0 0000000140003bb8     msvcrt:utility.obj
 0002:00000bc0       $unwind$__security_init_cookie 0000000140003bc0     msvcrt:gs_support.obj
 0002:00000bcc       $unwind$__scrt_fastfail    0000000140003bcc     msvcrt:utility_desktop.obj
 0002:00000bdc       $unwind$__scrt_unhandled_exception_filter 0000000140003bdc     msvcrt:utility_desktop.obj
 0002:00000bdc       $unwind$_RTC_Initialize    0000000140003bdc     msvcrt:initsect.obj
 0002:00000bdc       $unwind$_RTC_Terminate     0000000140003bdc     msvcrt:initsect.obj
 0002:00000be8       $unwind$__isa_available_init 0000000140003be8     msvcrt:cpu_disp.obj
 0002:00000c00       $xdatasym                  0000000140003c00     odbccp32:guard_dispatch.obj
 0002:00000c08       $xdatasym                  0000000140003c08     odbccp32:guard_xfg_dispatch.obj
 0003:00000080       GS_ExceptionRecord         0000000140004080     msvcrt:gs_report.obj
 0003:00000120       GS_ContextRecord           0000000140004120     msvcrt:gs_report.obj
 0003:00000600       ?is_initialized_as_dll@@3_NA 0000000140004600     msvcrt:utility.obj
 0003:00000601       ?module_local_atexit_table_initialized@@3_NA 0000000140004601     msvcrt:utility.obj
 0003:00000608       ?module_local_atexit_table@@3U_onexit_table_t@@A 0000000140004608     msvcrt:utility.obj
 0003:00000620       ?module_local_at_quick_exit_table@@3U_onexit_table_t@@A 0000000140004620     msvcrt:utility.obj
 0004:00000024       $pdata$__report_gsfailure  0000000140005024     msvcrt:gs_report.obj
 0004:00000030       $pdata$capture_previous_context 0000000140005030     msvcrt:gs_report.obj
 0004:0000003c       $pdata$__raise_securityfailure 000000014000503c     msvcrt:gs_report.obj
 0004:00000048       $pdata$?pre_c_initialization@@YAHXZ 0000000140005048     msvcrt:exe_main.obj
 0004:00000054       $pdata$?post_pgo_initialization@@YAHXZ 0000000140005054     msvcrt:exe_main.obj
 0004:00000060       $pdata$?pre_cpp_initialization@@YAXXZ 0000000140005060     msvcrt:exe_main.obj
 0004:0000006c       $pdata$?__scrt_common_main_seh@@YAHXZ 000000014000506c     msvcrt:exe_main.obj
 0004:00000078       $pdata$?filt$0@?0??__scrt_common_main_seh@@YAHXZ@4HA 0000000140005078     msvcrt:exe_main.obj
 0004:00000084       $pdata$mainCRTStartup      0000000140005084     msvcrt:exe_main.obj
 0004:00000090       $pdata$atexit              0000000140005090     msvcrt:utility.obj
 0004:0000009c       $pdata$_onexit             000000014000509c     msvcrt:utility.obj
 0004:000000a8       $pdata$__scrt_is_nonwritable_in_current_image 00000001400050a8     msvcrt:utility.obj
 0004:000000b4       $pdata$__scrt_is_nonwritable_in_current_image$filt$0 00000001400050b4     msvcrt:utility.obj
 0004:000000c0       $pdata$__scrt_acquire_startup_lock 00000001400050c0     msvcrt:utility.obj
 0004:000000cc       $pdata$__scrt_release_startup_lock 00000001400050cc     msvcrt:utility.obj
 0004:000000d8       $pdata$__scrt_initialize_crt 00000001400050d8     msvcrt:utility.obj
 0004:000000e4       $pdata$__scrt_uninitialize_crt 00000001400050e4     msvcrt:utility.obj
 0004:000000f0       $pdata$__scrt_initialize_onexit_tables 00000001400050f0     msvcrt:utility.obj
 0004:000000fc       $pdata$__security_init_cookie 00000001400050fc     msvcrt:gs_support.obj
 0004:00000108       $pdata$__scrt_initialize_default_local_stdio_options 0000000140005108     msvcrt:default_local_stdio_options.obj
 0004:00000114       $pdata$__scrt_is_managed_app 0000000140005114     msvcrt:utility_desktop.obj
 0004:00000120       $pdata$__scrt_fastfail     0000000140005120     msvcrt:utility_desktop.obj
 0004:0000012c       $pdata$__scrt_unhandled_exception_filter 000000014000512c     msvcrt:utility_desktop.obj
 0004:00000138       $pdata$_RTC_Initialize     0000000140005138     msvcrt:initsect.obj
 0004:00000144       $pdata$_RTC_Terminate      0000000140005144     msvcrt:initsect.obj
 0004:00000150       $pdata$__isa_available_init 0000000140005150     msvcrt:cpu_disp.obj
 0006:00000060       $R000000                   0000000140007060     internal .obj file created from .res files
