 TestProject

 Timestamp is 67bc10f5 (Mon Feb 24 06:25:57 2025)

 Preferred load address is 0000000140000000

 Start         Length     Name                   Class
 0001:00000000 00000ea0H .text$mn                CODE
 0001:00000ea0 00000036H .text$mn$00             CODE
 0001:00000ed6 00000036H .text$x                 CODE
 0002:00000000 000001a0H .idata$5                DATA
 0002:000001a0 00000038H .00cfg                  DATA
 0002:000001d8 00000008H .CRT$XCA                DATA
 0002:000001e0 00000008H .CRT$XCAA               DATA
 0002:000001e8 00000008H .CRT$XCZ                DATA
 0002:000001f0 00000008H .CRT$XIA                DATA
 0002:000001f8 00000008H .CRT$XIAA               DATA
 0002:00000200 00000008H .CRT$XIAC               DATA
 0002:00000208 00000008H .CRT$XIZ                DATA
 0002:00000210 00000008H .CRT$XPA                DATA
 0002:00000218 00000008H .CRT$XPZ                DATA
 0002:00000220 00000008H .CRT$XTA                DATA
 0002:00000228 00000008H .CRT$XTZ                DATA
 0002:00000230 00000000H .gehcont$y              DATA
 0002:00000230 00000000H .gfids$y                DATA
 0002:00000230 00000250H .rdata                  DATA
 0002:00000480 00000000H .rdata$CastGuardVftablesA DATA
 0002:00000480 00000000H .rdata$CastGuardVftablesC DATA
 0002:00000480 0000005cH .rdata$voltmd           DATA
 0002:000004dc 000002fcH .rdata$zzzdbg           DATA
 0002:000007d8 00000008H .rtc$IAA                DATA
 0002:000007e0 00000008H .rtc$IZZ                DATA
 0002:000007e8 00000008H .rtc$TAA                DATA
 0002:000007f0 00000008H .rtc$TZZ                DATA
 0002:000007f8 000000f4H .xdata                  DATA
 0002:000008ec 00000000H .edata                  DATA
 0002:000008ec 0000008cH .idata$2                DATA
 0002:00000978 00000018H .idata$3                DATA
 0002:00000990 000001a0H .idata$4                DATA
 0002:00000b30 00000460H .idata$6                DATA
 0003:00000000 00000080H .data                   DATA
 0003:00000080 00000600H .bss                    DATA
 0004:00000000 00000174H .pdata                  DATA
 0005:00000000 00000060H .rsrc$01                DATA
 0005:00000060 00000180H .rsrc$02                DATA

  Address         Publics by Value              Rva+Base               Lib:Object

 0000:00000000       __AbsoluteZero             0000000000000000     <absolute>
 0000:00000000       ___safe_se_handler_count   0000000000000000     <absolute>
 0000:00000000       ___safe_se_handler_table   0000000000000000     <absolute>
 0000:00000000       __arm64x_extra_rfe_table   0000000000000000     <absolute>
 0000:00000000       __arm64x_extra_rfe_table_size 0000000000000000     <absolute>
 0000:00000000       __arm64x_native_entrypoint 0000000000000000     <absolute>
 0000:00000000       __arm64x_redirection_metadata 0000000000000000     <absolute>
 0000:00000000       __arm64x_redirection_metadata_count 0000000000000000     <absolute>
 0000:00000000       __dynamic_value_reloc_table 0000000000000000     <absolute>
 0000:00000000       __enclave_config           0000000000000000     <absolute>
 0000:00000000       __guard_check_icall_a64n_fptr 0000000000000000     <absolute>
 0000:00000000       __guard_eh_cont_count      0000000000000000     <absolute>
 0000:00000000       __guard_eh_cont_table      0000000000000000     <absolute>
 0000:00000000       __guard_fids_count         0000000000000000     <absolute>
 0000:00000000       __guard_fids_table         0000000000000000     <absolute>
 0000:00000000       __guard_iat_count          0000000000000000     <absolute>
 0000:00000000       __guard_iat_table          0000000000000000     <absolute>
 0000:00000000       __guard_longjmp_count      0000000000000000     <absolute>
 0000:00000000       __guard_longjmp_table      0000000000000000     <absolute>
 0000:00000000       __hybrid_auxiliary_delayload_iat 0000000000000000     <absolute>
 0000:00000000       __hybrid_auxiliary_delayload_iat_copy 0000000000000000     <absolute>
 0000:00000000       __hybrid_auxiliary_iat     0000000000000000     <absolute>
 0000:00000000       __hybrid_auxiliary_iat_copy 0000000000000000     <absolute>
 0000:00000000       __hybrid_code_map          0000000000000000     <absolute>
 0000:00000000       __hybrid_code_map_count    0000000000000000     <absolute>
 0000:00000000       __hybrid_image_info_bitfield 0000000000000000     <absolute>
 0000:00000000       __x64_code_ranges_to_entry_points 0000000000000000     <absolute>
 0000:00000000       __x64_code_ranges_to_entry_points_count 0000000000000000     <absolute>
 0000:00000100       __guard_flags              0000000000000100     <absolute>
 0000:00000000       __ImageBase                0000000140000000     <linker-defined>
 0001:00000000       __local_stdio_printf_options 0000000140001000 f i FileName.obj
 0001:00000010       printf                     0000000140001010 f i FileName.obj
 0001:00000070       main                       0000000140001070 f   FileName.obj
 0001:00000120       __security_check_cookie    0000000140001120 f   MSVCRT:amdsecgs.obj
 0001:000003a0       mainCRTStartup             00000001400013a0 f   MSVCRT:exe_main.obj
 0001:000003b4       __raise_securityfailure    00000001400013b4 f   MSVCRT:gs_report.obj
 0001:000003e8       __report_gsfailure         00000001400013e8 f   MSVCRT:gs_report.obj
 0001:00000530       __scrt_acquire_startup_lock 0000000140001530 f   MSVCRT:utility.obj
 0001:0000056c       __scrt_initialize_crt      000000014000156c f   MSVCRT:utility.obj
 0001:000005a8       __scrt_initialize_onexit_tables 00000001400015a8 f   MSVCRT:utility.obj
 0001:00000634       __scrt_is_nonwritable_in_current_image 0000000140001634 f   MSVCRT:utility.obj
 0001:000006cc       __scrt_release_startup_lock 00000001400016cc f   MSVCRT:utility.obj
 0001:000006f0       __scrt_uninitialize_crt    00000001400016f0 f   MSVCRT:utility.obj
 0001:0000071c       _onexit                    000000014000171c f   MSVCRT:utility.obj
 0001:00000758       atexit                     0000000140001758 f   MSVCRT:utility.obj
 0001:00000770       __security_init_cookie     0000000140001770 f   MSVCRT:gs_support.obj
 0001:0000081c       __scrt_exe_initialize_mta  000000014000181c f   MSVCRT:utility_desktop.obj
 0001:0000081c       __scrt_initialize_winrt    000000014000181c f   MSVCRT:utility_desktop.obj
 0001:0000081c       __scrt_stub_for_initialize_mta 000000014000181c f   MSVCRT:utility_desktop.obj
 0001:0000081c       _get_startup_commit_mode   000000014000181c f   MSVCRT:commit_mode.obj
 0001:0000081c       _get_startup_new_mode      000000014000181c f   MSVCRT:new_mode.obj
 0001:0000081c       _get_startup_thread_locale_mode 000000014000181c f   MSVCRT:thread_locale.obj
 0001:0000081c       _matherr                   000000014000181c f   MSVCRT:matherr.obj
 0001:00000820       _get_startup_argv_mode     0000000140001820 f   MSVCRT:argv_mode.obj
 0001:00000828       _get_startup_file_mode     0000000140001828 f   MSVCRT:file_mode.obj
 0001:00000830       ?__scrt_initialize_type_info@@YAXXZ 0000000140001830 f   MSVCRT:tncleanup.obj
 0001:00000840       __acrt_initialize          0000000140001840 f   MSVCRT:ucrt_stubs.obj
 0001:00000840       __acrt_uninitialize        0000000140001840 f   MSVCRT:ucrt_stubs.obj
 0001:00000840       __scrt_stub_for_acrt_initialize 0000000140001840 f   MSVCRT:ucrt_stubs.obj
 0001:00000840       __scrt_stub_for_acrt_uninitialize 0000000140001840 f   MSVCRT:ucrt_stubs.obj
 0001:00000840       __vcrt_initialize          0000000140001840 f   MSVCRT:ucrt_stubs.obj
 0001:00000840       __vcrt_uninitialize        0000000140001840 f   MSVCRT:ucrt_stubs.obj
 0001:00000840       _should_initialize_environment 0000000140001840 f   MSVCRT:env_mode.obj
 0001:00000844       _guard_check_icall_nop     0000000140001844 f   MSVCRT:guard_support.obj
 0001:00000844       _initialize_denormal_control 0000000140001844 f   MSVCRT:denormal_control.obj
 0001:00000844       _initialize_invalid_parameter_handler 0000000140001844 f   MSVCRT:invalid_parameter_handler.obj
 0001:00000848       __local_stdio_scanf_options 0000000140001848 f i MSVCRT:default_local_stdio_options.obj
 0001:00000850       __scrt_initialize_default_local_stdio_options 0000000140001850 f   MSVCRT:default_local_stdio_options.obj
 0001:0000086c       __scrt_is_user_matherr_present 000000014000186c f   MSVCRT:matherr_detection.obj
 0001:00000878       __scrt_get_dyn_tls_init_callback 0000000140001878 f   MSVCRT:dyn_tls_init.obj
 0001:00000880       __scrt_get_dyn_tls_dtor_callback 0000000140001880 f   MSVCRT:dyn_tls_dtor.obj
 0001:00000888       __crt_debugger_hook        0000000140001888 f   MSVCRT:utility_desktop.obj
 0001:00000890       __scrt_fastfail            0000000140001890 f   MSVCRT:utility_desktop.obj
 0001:000009d8       __scrt_initialize_mta      00000001400019d8 f   MSVCRT:utility_desktop.obj
 0001:000009e0       __scrt_is_managed_app      00000001400019e0 f   MSVCRT:utility_desktop.obj
 0001:00000a34       __scrt_set_unhandled_exception_filter 0000000140001a34 f   MSVCRT:utility_desktop.obj
 0001:00000a44       __scrt_unhandled_exception_filter 0000000140001a44 f   MSVCRT:utility_desktop.obj
 0001:00000aa0       _RTC_Initialize            0000000140001aa0 f   MSVCRT:initsect.obj
 0001:00000adc       _RTC_Terminate             0000000140001adc f   MSVCRT:initsect.obj
 0001:00000b18       __isa_available_init       0000000140001b18 f   MSVCRT:cpu_disp.obj
 0001:00000de4       __scrt_is_ucrt_dll_in_use  0000000140001de4 f   MSVCRT:ucrt_detection.obj
 0001:00000df0       __C_specific_handler       0000000140001df0 f   vcruntime:VCRUNTIME140.dll
 0001:00000df6       __current_exception        0000000140001df6 f   vcruntime:VCRUNTIME140.dll
 0001:00000dfc       __current_exception_context 0000000140001dfc f   vcruntime:VCRUNTIME140.dll
 0001:00000e02       memset                     0000000140001e02 f   vcruntime:VCRUNTIME140.dll
 0001:00000e08       _seh_filter_exe            0000000140001e08 f   ucrt:api-ms-win-crt-runtime-l1-1-0.dll
 0001:00000e0e       _set_app_type              0000000140001e0e f   ucrt:api-ms-win-crt-runtime-l1-1-0.dll
 0001:00000e14       __setusermatherr           0000000140001e14 f   ucrt:api-ms-win-crt-math-l1-1-0.dll
 0001:00000e1a       _configure_narrow_argv     0000000140001e1a f   ucrt:api-ms-win-crt-runtime-l1-1-0.dll
 0001:00000e20       _initialize_narrow_environment 0000000140001e20 f   ucrt:api-ms-win-crt-runtime-l1-1-0.dll
 0001:00000e26       _get_initial_narrow_environment 0000000140001e26 f   ucrt:api-ms-win-crt-runtime-l1-1-0.dll
 0001:00000e2c       _initterm                  0000000140001e2c f   ucrt:api-ms-win-crt-runtime-l1-1-0.dll
 0001:00000e32       _initterm_e                0000000140001e32 f   ucrt:api-ms-win-crt-runtime-l1-1-0.dll
 0001:00000e38       exit                       0000000140001e38 f   ucrt:api-ms-win-crt-runtime-l1-1-0.dll
 0001:00000e3e       _exit                      0000000140001e3e f   ucrt:api-ms-win-crt-runtime-l1-1-0.dll
 0001:00000e44       _set_fmode                 0000000140001e44 f   ucrt:api-ms-win-crt-stdio-l1-1-0.dll
 0001:00000e4a       __p___argc                 0000000140001e4a f   ucrt:api-ms-win-crt-runtime-l1-1-0.dll
 0001:00000e50       __p___argv                 0000000140001e50 f   ucrt:api-ms-win-crt-runtime-l1-1-0.dll
 0001:00000e56       _cexit                     0000000140001e56 f   ucrt:api-ms-win-crt-runtime-l1-1-0.dll
 0001:00000e5c       _c_exit                    0000000140001e5c f   ucrt:api-ms-win-crt-runtime-l1-1-0.dll
 0001:00000e62       _register_thread_local_exe_atexit_callback 0000000140001e62 f   ucrt:api-ms-win-crt-runtime-l1-1-0.dll
 0001:00000e68       _configthreadlocale        0000000140001e68 f   ucrt:api-ms-win-crt-locale-l1-1-0.dll
 0001:00000e6e       _set_new_mode              0000000140001e6e f   ucrt:api-ms-win-crt-heap-l1-1-0.dll
 0001:00000e74       __p__commode               0000000140001e74 f   ucrt:api-ms-win-crt-stdio-l1-1-0.dll
 0001:00000e7a       _initialize_onexit_table   0000000140001e7a f   ucrt:api-ms-win-crt-runtime-l1-1-0.dll
 0001:00000e80       _register_onexit_function  0000000140001e80 f   ucrt:api-ms-win-crt-runtime-l1-1-0.dll
 0001:00000e86       _crt_atexit                0000000140001e86 f   ucrt:api-ms-win-crt-runtime-l1-1-0.dll
 0001:00000e8c       terminate                  0000000140001e8c f   ucrt:api-ms-win-crt-runtime-l1-1-0.dll
 0001:00000e92       memcpy                     0000000140001e92 f   vcruntime:VCRUNTIME140.dll
 0001:00000eb0       _guard_dispatch_icall_nop  0000000140001eb0 f   MSVCRT:guard_dispatch.obj
 0001:00000ed0       _guard_xfg_dispatch_icall_nop 0000000140001ed0 f   MSVCRT:guard_xfg_dispatch.obj
 0002:00000000       __imp_GetCurrentThreadId   0000000140002000     kernel32:KERNEL32.dll
 0002:00000008       __imp_RtlLookupFunctionEntry 0000000140002008     kernel32:KERNEL32.dll
 0002:00000010       __imp_RtlVirtualUnwind     0000000140002010     kernel32:KERNEL32.dll
 0002:00000018       __imp_UnhandledExceptionFilter 0000000140002018     kernel32:KERNEL32.dll
 0002:00000020       __imp_SetUnhandledExceptionFilter 0000000140002020     kernel32:KERNEL32.dll
 0002:00000028       __imp_GetCurrentProcess    0000000140002028     kernel32:KERNEL32.dll
 0002:00000030       __imp_GetModuleHandleW     0000000140002030     kernel32:KERNEL32.dll
 0002:00000038       __imp_IsDebuggerPresent    0000000140002038     kernel32:KERNEL32.dll
 0002:00000040       __imp_InitializeSListHead  0000000140002040     kernel32:KERNEL32.dll
 0002:00000048       __imp_GetSystemTimeAsFileTime 0000000140002048     kernel32:KERNEL32.dll
 0002:00000050       __imp_RtlCaptureContext    0000000140002050     kernel32:KERNEL32.dll
 0002:00000058       __imp_GetCurrentProcessId  0000000140002058     kernel32:KERNEL32.dll
 0002:00000060       __imp_QueryPerformanceCounter 0000000140002060     kernel32:KERNEL32.dll
 0002:00000068       __imp_IsProcessorFeaturePresent 0000000140002068     kernel32:KERNEL32.dll
 0002:00000070       __imp_TerminateProcess     0000000140002070     kernel32:KERNEL32.dll
 0002:00000078       \177KERNEL32_NULL_THUNK_DATA 0000000140002078     kernel32:KERNEL32.dll
 0002:00000080       __imp___current_exception_context 0000000140002080     vcruntime:VCRUNTIME140.dll
 0002:00000088       __imp___current_exception  0000000140002088     vcruntime:VCRUNTIME140.dll
 0002:00000090       __imp___C_specific_handler 0000000140002090     vcruntime:VCRUNTIME140.dll
 0002:00000098       __imp_memset               0000000140002098     vcruntime:VCRUNTIME140.dll
 0002:000000a0       __imp_memcpy               00000001400020a0     vcruntime:VCRUNTIME140.dll
 0002:000000a8       \177VCRUNTIME140_NULL_THUNK_DATA 00000001400020a8     vcruntime:VCRUNTIME140.dll
 0002:000000b0       __imp__set_new_mode        00000001400020b0     ucrt:api-ms-win-crt-heap-l1-1-0.dll
 0002:000000b8       \177api-ms-win-crt-heap-l1-1-0_NULL_THUNK_DATA 00000001400020b8     ucrt:api-ms-win-crt-heap-l1-1-0.dll
 0002:000000c0       __imp__configthreadlocale  00000001400020c0     ucrt:api-ms-win-crt-locale-l1-1-0.dll
 0002:000000c8       \177api-ms-win-crt-locale-l1-1-0_NULL_THUNK_DATA 00000001400020c8     ucrt:api-ms-win-crt-locale-l1-1-0.dll
 0002:000000d0       __imp___setusermatherr     00000001400020d0     ucrt:api-ms-win-crt-math-l1-1-0.dll
 0002:000000d8       \177api-ms-win-crt-math-l1-1-0_NULL_THUNK_DATA 00000001400020d8     ucrt:api-ms-win-crt-math-l1-1-0.dll
 0002:000000e0       __imp__c_exit              00000001400020e0     ucrt:api-ms-win-crt-runtime-l1-1-0.dll
 0002:000000e8       __imp_terminate            00000001400020e8     ucrt:api-ms-win-crt-runtime-l1-1-0.dll
 0002:000000f0       __imp__seh_filter_exe      00000001400020f0     ucrt:api-ms-win-crt-runtime-l1-1-0.dll
 0002:000000f8       __imp__set_app_type        00000001400020f8     ucrt:api-ms-win-crt-runtime-l1-1-0.dll
 0002:00000100       __imp__register_onexit_function 0000000140002100     ucrt:api-ms-win-crt-runtime-l1-1-0.dll
 0002:00000108       __imp__crt_atexit          0000000140002108     ucrt:api-ms-win-crt-runtime-l1-1-0.dll
 0002:00000110       __imp__cexit               0000000140002110     ucrt:api-ms-win-crt-runtime-l1-1-0.dll
 0002:00000118       __imp___p___argv           0000000140002118     ucrt:api-ms-win-crt-runtime-l1-1-0.dll
 0002:00000120       __imp___p___argc           0000000140002120     ucrt:api-ms-win-crt-runtime-l1-1-0.dll
 0002:00000128       __imp__register_thread_local_exe_atexit_callback 0000000140002128     ucrt:api-ms-win-crt-runtime-l1-1-0.dll
 0002:00000130       __imp__exit                0000000140002130     ucrt:api-ms-win-crt-runtime-l1-1-0.dll
 0002:00000138       __imp_exit                 0000000140002138     ucrt:api-ms-win-crt-runtime-l1-1-0.dll
 0002:00000140       __imp__initterm_e          0000000140002140     ucrt:api-ms-win-crt-runtime-l1-1-0.dll
 0002:00000148       __imp__initterm            0000000140002148     ucrt:api-ms-win-crt-runtime-l1-1-0.dll
 0002:00000150       __imp__get_initial_narrow_environment 0000000140002150     ucrt:api-ms-win-crt-runtime-l1-1-0.dll
 0002:00000158       __imp__initialize_narrow_environment 0000000140002158     ucrt:api-ms-win-crt-runtime-l1-1-0.dll
 0002:00000160       __imp__configure_narrow_argv 0000000140002160     ucrt:api-ms-win-crt-runtime-l1-1-0.dll
 0002:00000168       __imp__initialize_onexit_table 0000000140002168     ucrt:api-ms-win-crt-runtime-l1-1-0.dll
 0002:00000170       \177api-ms-win-crt-runtime-l1-1-0_NULL_THUNK_DATA 0000000140002170     ucrt:api-ms-win-crt-runtime-l1-1-0.dll
 0002:00000178       __imp___stdio_common_vfprintf 0000000140002178     ucrt:api-ms-win-crt-stdio-l1-1-0.dll
 0002:00000180       __imp___acrt_iob_func      0000000140002180     ucrt:api-ms-win-crt-stdio-l1-1-0.dll
 0002:00000188       __imp___p__commode         0000000140002188     ucrt:api-ms-win-crt-stdio-l1-1-0.dll
 0002:00000190       __imp__set_fmode           0000000140002190     ucrt:api-ms-win-crt-stdio-l1-1-0.dll
 0002:00000198       \177api-ms-win-crt-stdio-l1-1-0_NULL_THUNK_DATA 0000000140002198     ucrt:api-ms-win-crt-stdio-l1-1-0.dll
 0002:000001a0       __guard_check_icall_fptr   00000001400021a0     MSVCRT:guard_support.obj
 0002:000001a8       __guard_xfg_check_icall_fptr 00000001400021a8     MSVCRT:guard_support.obj
 0002:000001b0       __guard_dispatch_icall_fptr 00000001400021b0     MSVCRT:guard_support.obj
 0002:000001b8       __guard_xfg_dispatch_icall_fptr 00000001400021b8     MSVCRT:guard_support.obj
 0002:000001c0       __guard_xfg_table_dispatch_icall_fptr 00000001400021c0     MSVCRT:guard_support.obj
 0002:000001c8       __castguard_check_failure_os_handled_fptr 00000001400021c8     MSVCRT:guard_support.obj
 0002:000001d0       __guard_memcpy_fptr        00000001400021d0     vcruntime:softmemtag.obj
 0002:000001d8       __xc_a                     00000001400021d8     MSVCRT:initializers.obj
 0002:000001e8       __xc_z                     00000001400021e8     MSVCRT:initializers.obj
 0002:000001f0       __xi_a                     00000001400021f0     MSVCRT:initializers.obj
 0002:00000208       __xi_z                     0000000140002208     MSVCRT:initializers.obj
 0002:00000210       __xp_a                     0000000140002210     MSVCRT:initializers.obj
 0002:00000218       __xp_z                     0000000140002218     MSVCRT:initializers.obj
 0002:00000220       __xt_a                     0000000140002220     MSVCRT:initializers.obj
 0002:00000228       __xt_z                     0000000140002228     MSVCRT:initializers.obj
 0002:00000240       __xmm@ffffffffffffffffffffffffffffffff 0000000140002240     MSVCRT:utility.obj
 0002:00000250       ??_C@_0L@DHEOHBOP@ff?5?9?$DO?5?$CFlx?6@ 0000000140002250     FileName.obj
 0002:00000260       ??_C@_0L@IOHOHDAL@7f?5?9?$DO?5?$CFlx?6@ 0000000140002260     FileName.obj
 0002:00000270       ??_C@_0N@JADKPECF@1212?5?9?$DO?5?$CFlx?6@ 0000000140002270     FileName.obj
 0002:00000280       ??_C@_0N@LFNKMKMP@1337?5?9?$DO?5?$CFlx?6@ 0000000140002280     FileName.obj
 0002:00000290       ??_C@_0N@MFEIDNKD@1234?5?9?$DO?5?$CFlx?6@ 0000000140002290     FileName.obj
 0002:000002a0       ??_C@_0M@GHKGCGGM@103?5?9?$DO?5?$CFlx?6@ 00000001400022a0     FileName.obj
 0002:000002b0       _load_config_used          00000001400022b0     MSVCRT:loadcfg.obj
 0002:00000480       __volatile_metadata        0000000140002480     <linker-defined>
 0002:000007d8       __rtc_iaa                  00000001400027d8     MSVCRT:initsect.obj
 0002:000007e0       __rtc_izz                  00000001400027e0     MSVCRT:initsect.obj
 0002:000007e8       __rtc_taa                  00000001400027e8     MSVCRT:initsect.obj
 0002:000007f0       __rtc_tzz                  00000001400027f0     MSVCRT:initsect.obj
 0002:000008ec       __IMPORT_DESCRIPTOR_VCRUNTIME140 00000001400028ec     vcruntime:VCRUNTIME140.dll
 0002:00000900       __IMPORT_DESCRIPTOR_api-ms-win-crt-stdio-l1-1-0 0000000140002900     ucrt:api-ms-win-crt-stdio-l1-1-0.dll
 0002:00000914       __IMPORT_DESCRIPTOR_api-ms-win-crt-runtime-l1-1-0 0000000140002914     ucrt:api-ms-win-crt-runtime-l1-1-0.dll
 0002:00000928       __IMPORT_DESCRIPTOR_api-ms-win-crt-math-l1-1-0 0000000140002928     ucrt:api-ms-win-crt-math-l1-1-0.dll
 0002:0000093c       __IMPORT_DESCRIPTOR_api-ms-win-crt-locale-l1-1-0 000000014000293c     ucrt:api-ms-win-crt-locale-l1-1-0.dll
 0002:00000950       __IMPORT_DESCRIPTOR_api-ms-win-crt-heap-l1-1-0 0000000140002950     ucrt:api-ms-win-crt-heap-l1-1-0.dll
 0002:00000964       __IMPORT_DESCRIPTOR_KERNEL32 0000000140002964     kernel32:KERNEL32.dll
 0002:00000978       __NULL_IMPORT_DESCRIPTOR   0000000140002978     vcruntime:VCRUNTIME140.dll
 0003:00000000       __security_cookie          0000000140003000     MSVCRT:gs_cookie.obj
 0003:00000040       __security_cookie_complement 0000000140003040     MSVCRT:gs_cookie.obj
 0003:00000048       __scrt_native_dllmain_reason 0000000140003048     MSVCRT:utility.obj
 0003:0000004c       __scrt_default_matherr     000000014000304c     MSVCRT:matherr.obj
 0003:00000050       __isa_inverted             0000000140003050     MSVCRT:cpu_disp.obj
 0003:00000058       __isa_available            0000000140003058     MSVCRT:cpu_disp.obj
 0003:0000005c       __isa_enabled              000000014000305c     MSVCRT:cpu_disp.obj
 0003:00000060       __memset_fast_string_threshold 0000000140003060     MSVCRT:cpu_disp.obj
 0003:00000068       __memset_nt_threshold      0000000140003068     MSVCRT:cpu_disp.obj
 0003:00000070       __scrt_ucrt_dll_is_in_use  0000000140003070     MSVCRT:ucrt_stubs.obj
 0003:000005f0       __scrt_current_native_startup_state 00000001400035f0     MSVCRT:utility.obj
 0003:000005f8       __scrt_native_startup_lock 00000001400035f8     MSVCRT:utility.obj
 0003:00000640       ?__type_info_root_node@@3U__type_info_node@@A 0000000140003640     MSVCRT:tncleanup.obj
 0003:00000650       ?_OptionsStorage@?1??__local_stdio_scanf_options@@9@4_KA 0000000140003650     MSVCRT:default_local_stdio_options.obj
 0003:00000658       __scrt_debugger_hook_flag  0000000140003658     MSVCRT:utility_desktop.obj
 0003:0000065c       __avx10_version            000000014000365c     MSVCRT:cpu_disp.obj
 0003:00000660       __favor                    0000000140003660     MSVCRT:cpu_disp.obj
 0003:00000668       ?_OptionsStorage@?1??__local_stdio_printf_options@@9@4_KA 0000000140003668     FileName.obj
 0003:00000670       __dyn_tls_dtor_callback    0000000140003670     <common>
 0003:00000678       __dyn_tls_init_callback    0000000140003678     <common>

 entry point at        0001:000003a0

 Static symbols

 0000:ffff9000       .debug$S                   0000000140000000     ucrt:api-ms-win-crt-heap-l1-1-0.dll
 0000:ffff9000       .debug$S                   0000000140000000     ucrt:api-ms-win-crt-locale-l1-1-0.dll
 0000:ffff9000       .debug$S                   0000000140000000     ucrt:api-ms-win-crt-math-l1-1-0.dll
 0000:ffff9000       .debug$S                   0000000140000000     ucrt:api-ms-win-crt-runtime-l1-1-0.dll
 0000:ffff9000       .debug$S                   0000000140000000     ucrt:api-ms-win-crt-runtime-l1-1-0.dll
 0000:ffff9000       .debug$S                   0000000140000000     ucrt:api-ms-win-crt-runtime-l1-1-0.dll
 0000:ffff9000       .debug$S                   0000000140000000     ucrt:api-ms-win-crt-runtime-l1-1-0.dll
 0000:ffff9000       .debug$S                   0000000140000000     ucrt:api-ms-win-crt-runtime-l1-1-0.dll
 0000:ffff9000       .debug$S                   0000000140000000     ucrt:api-ms-win-crt-runtime-l1-1-0.dll
 0000:ffff9000       .debug$S                   0000000140000000     ucrt:api-ms-win-crt-runtime-l1-1-0.dll
 0000:ffff9000       .debug$S                   0000000140000000     ucrt:api-ms-win-crt-runtime-l1-1-0.dll
 0000:ffff9000       .debug$S                   0000000140000000     ucrt:api-ms-win-crt-runtime-l1-1-0.dll
 0000:ffff9000       .debug$S                   0000000140000000     ucrt:api-ms-win-crt-runtime-l1-1-0.dll
 0000:ffff9000       .debug$S                   0000000140000000     ucrt:api-ms-win-crt-runtime-l1-1-0.dll
 0000:ffff9000       .debug$S                   0000000140000000     ucrt:api-ms-win-crt-runtime-l1-1-0.dll
 0000:ffff9000       .debug$S                   0000000140000000     ucrt:api-ms-win-crt-runtime-l1-1-0.dll
 0000:ffff9000       .debug$S                   0000000140000000     ucrt:api-ms-win-crt-runtime-l1-1-0.dll
 0000:ffff9000       .debug$S                   0000000140000000     ucrt:api-ms-win-crt-runtime-l1-1-0.dll
 0000:ffff9000       .debug$S                   0000000140000000     ucrt:api-ms-win-crt-runtime-l1-1-0.dll
 0000:ffff9000       .debug$S                   0000000140000000     ucrt:api-ms-win-crt-runtime-l1-1-0.dll
 0000:ffff9000       .debug$S                   0000000140000000     ucrt:api-ms-win-crt-runtime-l1-1-0.dll
 0000:ffff9000       .debug$S                   0000000140000000     ucrt:api-ms-win-crt-runtime-l1-1-0.dll
 0000:ffff9000       .debug$S                   0000000140000000     ucrt:api-ms-win-crt-runtime-l1-1-0.dll
 0000:ffff9000       .debug$S                   0000000140000000     ucrt:api-ms-win-crt-runtime-l1-1-0.dll
 0000:ffff9000       .debug$S                   0000000140000000     ucrt:api-ms-win-crt-stdio-l1-1-0.dll
 0000:ffff9000       .debug$S                   0000000140000000     ucrt:api-ms-win-crt-stdio-l1-1-0.dll
 0000:ffff9000       .debug$S                   0000000140000000     ucrt:api-ms-win-crt-stdio-l1-1-0.dll
 0000:ffff9000       .debug$S                   0000000140000000     ucrt:api-ms-win-crt-stdio-l1-1-0.dll
 0000:ffff9000       .debug$S                   0000000140000000     kernel32:KERNEL32.dll
 0000:ffff9000       .debug$S                   0000000140000000     kernel32:KERNEL32.dll
 0000:ffff9000       .debug$S                   0000000140000000     kernel32:KERNEL32.dll
 0000:ffff9000       .debug$S                   0000000140000000     kernel32:KERNEL32.dll
 0000:ffff9000       .debug$S                   0000000140000000     kernel32:KERNEL32.dll
 0000:ffff9000       .debug$S                   0000000140000000     kernel32:KERNEL32.dll
 0000:ffff9000       .debug$S                   0000000140000000     kernel32:KERNEL32.dll
 0000:ffff9000       .debug$S                   0000000140000000     kernel32:KERNEL32.dll
 0000:ffff9000       .debug$S                   0000000140000000     kernel32:KERNEL32.dll
 0000:ffff9000       .debug$S                   0000000140000000     kernel32:KERNEL32.dll
 0000:ffff9000       .debug$S                   0000000140000000     kernel32:KERNEL32.dll
 0000:ffff9000       .debug$S                   0000000140000000     kernel32:KERNEL32.dll
 0000:ffff9000       .debug$S                   0000000140000000     kernel32:KERNEL32.dll
 0000:ffff9000       .debug$S                   0000000140000000     kernel32:KERNEL32.dll
 0000:ffff9000       .debug$S                   0000000140000000     kernel32:KERNEL32.dll
 0000:ffff9000       .debug$S                   0000000140000000     kernel32:KERNEL32.dll
 0000:ffff9000       .debug$S                   0000000140000000     vcruntime:VCRUNTIME140.dll
 0000:ffff9000       .debug$S                   0000000140000000     vcruntime:VCRUNTIME140.dll
 0000:ffff9000       .debug$S                   0000000140000000     vcruntime:VCRUNTIME140.dll
 0000:ffff9000       .debug$S                   0000000140000000     vcruntime:VCRUNTIME140.dll
 0000:ffff9000       .debug$S                   0000000140000000     vcruntime:VCRUNTIME140.dll
 0000:ffff9000       .debug$S                   0000000140000000     vcruntime:VCRUNTIME140.dll
 0001:00000110       $$000000                   0000000140001110     MSVCRT:amdsecgs.obj
 0001:00000140       ?pre_c_initialization@@YAHXZ 0000000140001140 f   MSVCRT:exe_main.obj
 0001:000001f8       ?post_pgo_initialization@@YAHXZ 00000001400011f8 f   MSVCRT:exe_main.obj
 0001:00000208       ?pre_cpp_initialization@@YAXXZ 0000000140001208 f   MSVCRT:exe_main.obj
 0001:00000224       ?__scrt_common_main_seh@@YAHXZ 0000000140001224 f   MSVCRT:exe_main.obj
 0001:000004bc       capture_previous_context   00000001400014bc f   MSVCRT:gs_report.obj
 0001:00000ea0       $$000000                   0000000140001ea0     MSVCRT:guard_dispatch.obj
 0001:00000ec0       $$000000                   0000000140001ec0     MSVCRT:guard_xfg_dispatch.obj
 0001:00000ed6       ?filt$0@?0??__scrt_common_main_seh@@YAHXZ@4HA 0000000140001ed6 f   MSVCRT:exe_main.obj
 0001:00000ef4       __scrt_is_nonwritable_in_current_image$filt$0 0000000140001ef4 f   MSVCRT:utility.obj
 0002:000001e0       ?pre_cpp_initializer@@3P6AXXZEA 00000001400021e0     MSVCRT:exe_main.obj
 0002:000001f8       ?pre_c_initializer@@3P6AHXZEA 00000001400021f8     MSVCRT:exe_main.obj
 0002:00000200       ?post_pgo_initializer@@3P6AHXZEA 0000000140002200     MSVCRT:exe_main.obj
 0002:00000230       GS_ExceptionPointers       0000000140002230     MSVCRT:gs_report.obj
 0002:000007f8       $unwind$printf             00000001400027f8     FileName.obj
 0002:00000804       $unwind$main               0000000140002804     FileName.obj
 0002:00000810       $xdatasym                  0000000140002810     MSVCRT:amdsecgs.obj
 0002:00000814       $unwind$?pre_c_initialization@@YAHXZ 0000000140002814     MSVCRT:exe_main.obj
 0002:00000814       $unwind$__raise_securityfailure 0000000140002814     MSVCRT:gs_report.obj
 0002:00000814       $unwind$__scrt_initialize_onexit_tables 0000000140002814     MSVCRT:utility.obj
 0002:00000814       $unwind$__scrt_release_startup_lock 0000000140002814     MSVCRT:utility.obj
 0002:00000814       $unwind$__scrt_uninitialize_crt 0000000140002814     MSVCRT:utility.obj
 0002:00000814       $unwind$_onexit            0000000140002814     MSVCRT:utility.obj
 0002:0000081c       $unwind$__scrt_initialize_default_local_stdio_options 000000014000281c     MSVCRT:default_local_stdio_options.obj
 0002:0000081c       $unwind$?post_pgo_initialization@@YAHXZ 000000014000281c     MSVCRT:exe_main.obj
 0002:0000081c       $unwind$?pre_cpp_initialization@@YAXXZ 000000014000281c     MSVCRT:exe_main.obj
 0002:0000081c       $unwind$mainCRTStartup     000000014000281c     MSVCRT:exe_main.obj
 0002:0000081c       $unwind$__scrt_acquire_startup_lock 000000014000281c     MSVCRT:utility.obj
 0002:0000081c       $unwind$__scrt_initialize_crt 000000014000281c     MSVCRT:utility.obj
 0002:0000081c       $unwind$atexit             000000014000281c     MSVCRT:utility.obj
 0002:0000081c       $unwind$__scrt_is_managed_app 000000014000281c     MSVCRT:utility_desktop.obj
 0002:00000824       $unwind$?__scrt_common_main_seh@@YAHXZ 0000000140002824     MSVCRT:exe_main.obj
 0002:0000085c       $unwind$?filt$0@?0??__scrt_common_main_seh@@YAHXZ@4HA 000000014000285c     MSVCRT:exe_main.obj
 0002:00000864       $unwind$__report_gsfailure 0000000140002864     MSVCRT:gs_report.obj
 0002:0000086c       $unwind$capture_previous_context 000000014000286c     MSVCRT:gs_report.obj
 0002:00000878       $unwind$__scrt_is_nonwritable_in_current_image 0000000140002878     MSVCRT:utility.obj
 0002:00000898       $unwind$__scrt_is_nonwritable_in_current_image$filt$0 0000000140002898     MSVCRT:utility.obj
 0002:000008a0       $unwind$__security_init_cookie 00000001400028a0     MSVCRT:gs_support.obj
 0002:000008ac       $unwind$__scrt_fastfail    00000001400028ac     MSVCRT:utility_desktop.obj
 0002:000008bc       $unwind$_RTC_Initialize    00000001400028bc     MSVCRT:initsect.obj
 0002:000008bc       $unwind$_RTC_Terminate     00000001400028bc     MSVCRT:initsect.obj
 0002:000008bc       $unwind$__scrt_unhandled_exception_filter 00000001400028bc     MSVCRT:utility_desktop.obj
 0002:000008c8       $unwind$__isa_available_init 00000001400028c8     MSVCRT:cpu_disp.obj
 0002:000008e0       $xdatasym                  00000001400028e0     MSVCRT:guard_dispatch.obj
 0002:000008e8       $xdatasym                  00000001400028e8     MSVCRT:guard_xfg_dispatch.obj
 0002:00000b86       .idata$6                   0000000140002b86     vcruntime:VCRUNTIME140.dll
 0002:00000d76       .idata$6                   0000000140002d76     ucrt:api-ms-win-crt-stdio-l1-1-0.dll
 0002:00000d96       .idata$6                   0000000140002d96     ucrt:api-ms-win-crt-runtime-l1-1-0.dll
 0002:00000db8       .idata$6                   0000000140002db8     ucrt:api-ms-win-crt-math-l1-1-0.dll
 0002:00000dd8       .idata$6                   0000000140002dd8     ucrt:api-ms-win-crt-locale-l1-1-0.dll
 0002:00000dfa       .idata$6                   0000000140002dfa     ucrt:api-ms-win-crt-heap-l1-1-0.dll
 0002:00000f78       .idata$6                   0000000140002f78     kernel32:KERNEL32.dll
 0003:00000080       GS_ExceptionRecord         0000000140003080     MSVCRT:gs_report.obj
 0003:00000120       GS_ContextRecord           0000000140003120     MSVCRT:gs_report.obj
 0003:00000600       ?is_initialized_as_dll@@3_NA 0000000140003600     MSVCRT:utility.obj
 0003:00000601       ?module_local_atexit_table_initialized@@3_NA 0000000140003601     MSVCRT:utility.obj
 0003:00000608       ?module_local_atexit_table@@3U_onexit_table_t@@A 0000000140003608     MSVCRT:utility.obj
 0003:00000620       ?module_local_at_quick_exit_table@@3U_onexit_table_t@@A 0000000140003620     MSVCRT:utility.obj
 0005:00000060       $R000000                   0000000140005060     * linker generated manifest res *
