 TestProject

 Timestamp is 67bc1121 (Mon Feb 24 06:26:41 2025)

 Preferred load address is 00400000

 Start         Length     Name                   Class
 0001:00000000 00000eacH .text$mn                CODE
 0002:00000000 000000c4H .idata$5                DATA
 0002:000000c4 00000008H .00cfg                  DATA
 0002:000000cc 00000004H .CRT$XCA                DATA
 0002:000000d0 00000004H .CRT$XCAA               DATA
 0002:000000d4 00000004H .CRT$XCZ                DATA
 0002:000000d8 00000004H .CRT$XIA                DATA
 0002:000000dc 00000004H .CRT$XIAA               DATA
 0002:000000e0 00000004H .CRT$XIAC               DATA
 0002:000000e4 00000004H .CRT$XIZ                DATA
 0002:000000e8 00000004H .CRT$XPA                DATA
 0002:000000ec 00000004H .CRT$XPZ                DATA
 0002:000000f0 00000004H .CRT$XTA                DATA
 0002:000000f4 00000004H .CRT$XTZ                DATA
 0002:000000f8 00000000H .gfids$y                DATA
 0002:000000f8 000001c8H .rdata                  DATA
 0002:000002c0 00000000H .rdata$CastGuardVftablesA DATA
 0002:000002c0 00000000H .rdata$CastGuardVftablesC DATA
 0002:000002c0 00000004H .rdata$sxdata           DATA
 0002:000002c4 0000006cH .rdata$voltmd           DATA
 0002:00000330 000002dcH .rdata$zzzdbg           DATA
 0002:0000060c 00000004H .rtc$IAA                DATA
 0002:00000610 00000004H .rtc$IZZ                DATA
 0002:00000614 00000004H .rtc$TAA                DATA
 0002:00000618 00000008H .rtc$TZZ                DATA
 0002:00000620 0000003cH .xdata$x                DATA
 0002:0000065c 00000000H .edata                  DATA
 0002:0000065c 0000008cH .idata$2                DATA
 0002:000006e8 00000014H .idata$3                DATA
 0002:000006fc 000000c4H .idata$4                DATA
 0002:000007c0 00000426H .idata$6                DATA
 0003:00000000 00000060H .data                   DATA
 0003:00000060 00000370H .bss                    DATA
 0004:00000000 00000060H .rsrc$01                DATA
 0004:00000060 00000180H .rsrc$02                DATA

  Address         Publics by Value              Rva+Base       Lib:Object

 0000:00000000       ___AbsoluteZero            00000000     <absolute>
 0000:00000000       ___arm64x_extra_rfe_table  00000000     <absolute>
 0000:00000000       ___arm64x_extra_rfe_table_size 00000000     <absolute>
 0000:00000000       ___arm64x_native_entrypoint 00000000     <absolute>
 0000:00000000       ___arm64x_redirection_metadata 00000000     <absolute>
 0000:00000000       ___arm64x_redirection_metadata_count 00000000     <absolute>
 0000:00000000       ___dynamic_value_reloc_table 00000000     <absolute>
 0000:00000000       ___enclave_config          00000000     <absolute>
 0000:00000000       ___guard_check_icall_a64n_fptr 00000000     <absolute>
 0000:00000000       ___guard_eh_cont_count     00000000     <absolute>
 0000:00000000       ___guard_eh_cont_table     00000000     <absolute>
 0000:00000000       ___guard_fids_count        00000000     <absolute>
 0000:00000000       ___guard_fids_table        00000000     <absolute>
 0000:00000000       ___guard_iat_count         00000000     <absolute>
 0000:00000000       ___guard_iat_table         00000000     <absolute>
 0000:00000000       ___guard_longjmp_count     00000000     <absolute>
 0000:00000000       ___guard_longjmp_table     00000000     <absolute>
 0000:00000000       ___hybrid_auxiliary_delayload_iat 00000000     <absolute>
 0000:00000000       ___hybrid_auxiliary_delayload_iat_copy 00000000     <absolute>
 0000:00000000       ___hybrid_auxiliary_iat    00000000     <absolute>
 0000:00000000       ___hybrid_auxiliary_iat_copy 00000000     <absolute>
 0000:00000000       ___hybrid_code_map         00000000     <absolute>
 0000:00000000       ___hybrid_code_map_count   00000000     <absolute>
 0000:00000000       ___hybrid_image_info_bitfield 00000000     <absolute>
 0000:00000000       ___x64_code_ranges_to_entry_points 00000000     <absolute>
 0000:00000000       ___x64_code_ranges_to_entry_points_count 00000000     <absolute>
 0000:00000001       ___safe_se_handler_count   00000001     <absolute>
 0000:00000100       ___guard_flags             00000100     <absolute>
 0000:00000000       ___ImageBase               00400000     <linker-defined>
 0001:00000000       ___local_stdio_printf_options 00401000 f i FileName.obj
 0001:00000010       _printf                    00401010 f i FileName.obj
 0001:00000040       _main                      00401040 f   FileName.obj
 0001:000000ce       @__security_check_cookie@4 004010ce f   MSVCRT:secchk.obj
 0001:00000323       _mainCRTStartup            00401323 f   MSVCRT:exe_main.obj
 0001:0000032d       ___raise_securityfailure   0040132d f   MSVCRT:gs_report.obj
 0001:00000355       ___report_gsfailure        00401355 f   MSVCRT:gs_report.obj
 0001:00000492       ___scrt_acquire_startup_lock 00401492 f   MSVCRT:utility.obj
 0001:000004c4       ___scrt_initialize_crt     004014c4 f   MSVCRT:utility.obj
 0001:000004fd       ___scrt_initialize_onexit_tables 004014fd f   MSVCRT:utility.obj
 0001:00000584       ___scrt_is_nonwritable_in_current_image 00401584 f   MSVCRT:utility.obj
 0001:00000618       ___scrt_release_startup_lock 00401618 f   MSVCRT:utility.obj
 0001:00000635       ___scrt_uninitialize_crt   00401635 f   MSVCRT:utility.obj
 0001:0000065d       __onexit                   0040165d f   MSVCRT:utility.obj
 0001:0000068b       _atexit                    0040168b f   MSVCRT:utility.obj
 0001:000006ed       ___security_init_cookie    004016ed f   MSVCRT:gs_support.obj
 0001:00000738       ___scrt_exe_initialize_mta 00401738 f   MSVCRT:utility_desktop.obj
 0001:00000738       ___scrt_initialize_winrt   00401738 f   MSVCRT:utility_desktop.obj
 0001:00000738       ___scrt_stub_for_initialize_mta 00401738 f   MSVCRT:utility_desktop.obj
 0001:00000738       __get_startup_commit_mode  00401738 f   MSVCRT:commit_mode.obj
 0001:00000738       __get_startup_new_mode     00401738 f   MSVCRT:new_mode.obj
 0001:00000738       __get_startup_thread_locale_mode 00401738 f   MSVCRT:thread_locale.obj
 0001:00000738       __matherr                  00401738 f   MSVCRT:matherr.obj
 0001:0000073b       __get_startup_argv_mode    0040173b f   MSVCRT:argv_mode.obj
 0001:0000073f       __get_startup_file_mode    0040173f f   MSVCRT:file_mode.obj
 0001:00000745       ?__scrt_initialize_type_info@@YAXXZ 00401745 f   MSVCRT:tncleanup.obj
 0001:00000751       ___acrt_initialize         00401751 f   MSVCRT:ucrt_stubs.obj
 0001:00000751       ___acrt_uninitialize       00401751 f   MSVCRT:ucrt_stubs.obj
 0001:00000751       ___scrt_stub_for_acrt_initialize 00401751 f   MSVCRT:ucrt_stubs.obj
 0001:00000751       ___scrt_stub_for_acrt_uninitialize 00401751 f   MSVCRT:ucrt_stubs.obj
 0001:00000751       ___vcrt_initialize         00401751 f   MSVCRT:ucrt_stubs.obj
 0001:00000751       ___vcrt_uninitialize       00401751 f   MSVCRT:ucrt_stubs.obj
 0001:00000751       __should_initialize_environment 00401751 f   MSVCRT:env_mode.obj
 0001:00000754       __initialize_default_precision 00401754 f   MSVCRT:default_precision.obj
 0001:00000775       @_guard_check_icall_nop@4  00401775 f   MSVCRT:guard_support.obj
 0001:00000775       __initialize_denormal_control 00401775 f   MSVCRT:denormal_control.obj
 0001:00000775       __initialize_invalid_parameter_handler 00401775 f   MSVCRT:invalid_parameter_handler.obj
 0001:00000778       ___local_stdio_scanf_options 00401778 f i MSVCRT:default_local_stdio_options.obj
 0001:0000077e       ___scrt_initialize_default_local_stdio_options 0040177e f   MSVCRT:default_local_stdio_options.obj
 0001:0000079b       ___scrt_is_user_matherr_present 0040179b f   MSVCRT:matherr_detection.obj
 0001:000007a7       ___scrt_get_dyn_tls_init_callback 004017a7 f   MSVCRT:dyn_tls_init.obj
 0001:000007ad       ___scrt_get_dyn_tls_dtor_callback 004017ad f   MSVCRT:dyn_tls_dtor.obj
 0001:000007b3       ___scrt_fastfail           004017b3 f   MSVCRT:utility_desktop.obj
 0001:000008c8       ___scrt_initialize_mta     004018c8 f   MSVCRT:utility_desktop.obj
 0001:000008cd       ___scrt_is_managed_app     004018cd f   MSVCRT:utility_desktop.obj
 0001:0000090f       ___scrt_set_unhandled_exception_filter 0040190f f   MSVCRT:utility_desktop.obj
 0001:0000091b       ___scrt_unhandled_exception_filter@4 0040191b f   MSVCRT:utility_desktop.obj
 0001:00000971       __crt_debugger_hook        00401971 f   MSVCRT:utility_desktop.obj
 0001:00000979       __RTC_Initialize           00401979 f   MSVCRT:initsect.obj
 0001:000009a5       __RTC_Terminate            004019a5 f   MSVCRT:initsect.obj
 0001:000009e0       __SEH_prolog4              004019e0 f   MSVCRT:sehprolg4.obj
 0001:00000a25       __except_handler4          00401a25 f   MSVCRT:chandler4gs.obj
 0001:00000a54       ___isa_available_init      00401a54 f   MSVCRT:cpu_disp.obj
 0001:00000d81       ___scrt_is_ucrt_dll_in_use 00401d81 f   MSVCRT:ucrt_detection.obj
 0001:00000d8d       ___current_exception       00401d8d f   vcruntime:VCRUNTIME140.dll
 0001:00000d93       ___current_exception_context 00401d93 f   vcruntime:VCRUNTIME140.dll
 0001:00000d99       _memset                    00401d99 f   vcruntime:VCRUNTIME140.dll
 0001:00000d9f       __except_handler4_common   00401d9f f   vcruntime:VCRUNTIME140.dll
 0001:00000da5       __seh_filter_exe           00401da5 f   ucrt:api-ms-win-crt-runtime-l1-1-0.dll
 0001:00000dab       __set_app_type             00401dab f   ucrt:api-ms-win-crt-runtime-l1-1-0.dll
 0001:00000db1       ___setusermatherr          00401db1 f   ucrt:api-ms-win-crt-math-l1-1-0.dll
 0001:00000db7       __configure_narrow_argv    00401db7 f   ucrt:api-ms-win-crt-runtime-l1-1-0.dll
 0001:00000dbd       __initialize_narrow_environment 00401dbd f   ucrt:api-ms-win-crt-runtime-l1-1-0.dll
 0001:00000dc3       __get_initial_narrow_environment 00401dc3 f   ucrt:api-ms-win-crt-runtime-l1-1-0.dll
 0001:00000dc9       __initterm                 00401dc9 f   ucrt:api-ms-win-crt-runtime-l1-1-0.dll
 0001:00000dcf       __initterm_e               00401dcf f   ucrt:api-ms-win-crt-runtime-l1-1-0.dll
 0001:00000dd5       _exit                      00401dd5 f   ucrt:api-ms-win-crt-runtime-l1-1-0.dll
 0001:00000ddb       __exit                     00401ddb f   ucrt:api-ms-win-crt-runtime-l1-1-0.dll
 0001:00000de1       __set_fmode                00401de1 f   ucrt:api-ms-win-crt-stdio-l1-1-0.dll
 0001:00000de7       ___p___argc                00401de7 f   ucrt:api-ms-win-crt-runtime-l1-1-0.dll
 0001:00000ded       ___p___argv                00401ded f   ucrt:api-ms-win-crt-runtime-l1-1-0.dll
 0001:00000df3       __cexit                    00401df3 f   ucrt:api-ms-win-crt-runtime-l1-1-0.dll
 0001:00000df9       __c_exit                   00401df9 f   ucrt:api-ms-win-crt-runtime-l1-1-0.dll
 0001:00000dff       __register_thread_local_exe_atexit_callback 00401dff f   ucrt:api-ms-win-crt-runtime-l1-1-0.dll
 0001:00000e05       __configthreadlocale       00401e05 f   ucrt:api-ms-win-crt-locale-l1-1-0.dll
 0001:00000e0b       __set_new_mode             00401e0b f   ucrt:api-ms-win-crt-heap-l1-1-0.dll
 0001:00000e11       ___p__commode              00401e11 f   ucrt:api-ms-win-crt-stdio-l1-1-0.dll
 0001:00000e17       __initialize_onexit_table  00401e17 f   ucrt:api-ms-win-crt-runtime-l1-1-0.dll
 0001:00000e1d       __register_onexit_function 00401e1d f   ucrt:api-ms-win-crt-runtime-l1-1-0.dll
 0001:00000e23       __crt_atexit               00401e23 f   ucrt:api-ms-win-crt-runtime-l1-1-0.dll
 0001:00000e29       __controlfp_s              00401e29 f   ucrt:api-ms-win-crt-runtime-l1-1-0.dll
 0001:00000e2f       _terminate                 00401e2f f   ucrt:api-ms-win-crt-runtime-l1-1-0.dll
 0001:00000e35       __filter_x86_sse2_floating_point_exception 00401e35 f   MSVCRT:x86_exception_filter.obj
 0001:00000e35       __filter_x86_sse2_floating_point_exception_default 00401e35 f   MSVCRT:x86_exception_filter.obj
 0002:00000000       __imp__GetSystemTimeAsFileTime@4 00402000     kernel32:KERNEL32.dll
 0002:00000004       __imp__SetUnhandledExceptionFilter@4 00402004     kernel32:KERNEL32.dll
 0002:00000008       __imp__GetCurrentProcess@0 00402008     kernel32:KERNEL32.dll
 0002:0000000c       __imp__TerminateProcess@8  0040200c     kernel32:KERNEL32.dll
 0002:00000010       __imp__IsProcessorFeaturePresent@4 00402010     kernel32:KERNEL32.dll
 0002:00000014       __imp__GetModuleHandleW@4  00402014     kernel32:KERNEL32.dll
 0002:00000018       __imp__IsDebuggerPresent@0 00402018     kernel32:KERNEL32.dll
 0002:0000001c       __imp__InitializeSListHead@4 0040201c     kernel32:KERNEL32.dll
 0002:00000020       __imp__UnhandledExceptionFilter@4 00402020     kernel32:KERNEL32.dll
 0002:00000024       __imp__GetCurrentThreadId@0 00402024     kernel32:KERNEL32.dll
 0002:00000028       __imp__GetCurrentProcessId@0 00402028     kernel32:KERNEL32.dll
 0002:0000002c       __imp__QueryPerformanceCounter@4 0040202c     kernel32:KERNEL32.dll
 0002:00000030       \177KERNEL32_NULL_THUNK_DATA 00402030     kernel32:KERNEL32.dll
 0002:00000034       __imp____current_exception_context 00402034     vcruntime:VCRUNTIME140.dll
 0002:00000038       __imp____current_exception 00402038     vcruntime:VCRUNTIME140.dll
 0002:0000003c       __imp__memset              0040203c     vcruntime:VCRUNTIME140.dll
 0002:00000040       __imp___except_handler4_common 00402040     vcruntime:VCRUNTIME140.dll
 0002:00000044       \177VCRUNTIME140_NULL_THUNK_DATA 00402044     vcruntime:VCRUNTIME140.dll
 0002:00000048       __imp___set_new_mode       00402048     ucrt:api-ms-win-crt-heap-l1-1-0.dll
 0002:0000004c       \177api-ms-win-crt-heap-l1-1-0_NULL_THUNK_DATA 0040204c     ucrt:api-ms-win-crt-heap-l1-1-0.dll
 0002:00000050       __imp___configthreadlocale 00402050     ucrt:api-ms-win-crt-locale-l1-1-0.dll
 0002:00000054       \177api-ms-win-crt-locale-l1-1-0_NULL_THUNK_DATA 00402054     ucrt:api-ms-win-crt-locale-l1-1-0.dll
 0002:00000058       __imp____setusermatherr    00402058     ucrt:api-ms-win-crt-math-l1-1-0.dll
 0002:0000005c       \177api-ms-win-crt-math-l1-1-0_NULL_THUNK_DATA 0040205c     ucrt:api-ms-win-crt-math-l1-1-0.dll
 0002:00000060       __imp___c_exit             00402060     ucrt:api-ms-win-crt-runtime-l1-1-0.dll
 0002:00000064       __imp___seh_filter_exe     00402064     ucrt:api-ms-win-crt-runtime-l1-1-0.dll
 0002:00000068       __imp___initialize_onexit_table 00402068     ucrt:api-ms-win-crt-runtime-l1-1-0.dll
 0002:0000006c       __imp___cexit              0040206c     ucrt:api-ms-win-crt-runtime-l1-1-0.dll
 0002:00000070       __imp___crt_atexit         00402070     ucrt:api-ms-win-crt-runtime-l1-1-0.dll
 0002:00000074       __imp___controlfp_s        00402074     ucrt:api-ms-win-crt-runtime-l1-1-0.dll
 0002:00000078       __imp__terminate           00402078     ucrt:api-ms-win-crt-runtime-l1-1-0.dll
 0002:0000007c       __imp___set_app_type       0040207c     ucrt:api-ms-win-crt-runtime-l1-1-0.dll
 0002:00000080       __imp___register_thread_local_exe_atexit_callback 00402080     ucrt:api-ms-win-crt-runtime-l1-1-0.dll
 0002:00000084       __imp____p___argv          00402084     ucrt:api-ms-win-crt-runtime-l1-1-0.dll
 0002:00000088       __imp___register_onexit_function 00402088     ucrt:api-ms-win-crt-runtime-l1-1-0.dll
 0002:0000008c       __imp___exit               0040208c     ucrt:api-ms-win-crt-runtime-l1-1-0.dll
 0002:00000090       __imp__exit                00402090     ucrt:api-ms-win-crt-runtime-l1-1-0.dll
 0002:00000094       __imp___initterm_e         00402094     ucrt:api-ms-win-crt-runtime-l1-1-0.dll
 0002:00000098       __imp___initterm           00402098     ucrt:api-ms-win-crt-runtime-l1-1-0.dll
 0002:0000009c       __imp___get_initial_narrow_environment 0040209c     ucrt:api-ms-win-crt-runtime-l1-1-0.dll
 0002:000000a0       __imp___initialize_narrow_environment 004020a0     ucrt:api-ms-win-crt-runtime-l1-1-0.dll
 0002:000000a4       __imp___configure_narrow_argv 004020a4     ucrt:api-ms-win-crt-runtime-l1-1-0.dll
 0002:000000a8       __imp____p___argc          004020a8     ucrt:api-ms-win-crt-runtime-l1-1-0.dll
 0002:000000ac       \177api-ms-win-crt-runtime-l1-1-0_NULL_THUNK_DATA 004020ac     ucrt:api-ms-win-crt-runtime-l1-1-0.dll
 0002:000000b0       __imp____stdio_common_vfprintf 004020b0     ucrt:api-ms-win-crt-stdio-l1-1-0.dll
 0002:000000b4       __imp____acrt_iob_func     004020b4     ucrt:api-ms-win-crt-stdio-l1-1-0.dll
 0002:000000b8       __imp____p__commode        004020b8     ucrt:api-ms-win-crt-stdio-l1-1-0.dll
 0002:000000bc       __imp___set_fmode          004020bc     ucrt:api-ms-win-crt-stdio-l1-1-0.dll
 0002:000000c0       \177api-ms-win-crt-stdio-l1-1-0_NULL_THUNK_DATA 004020c0     ucrt:api-ms-win-crt-stdio-l1-1-0.dll
 0002:000000c4       ___guard_check_icall_fptr  004020c4     MSVCRT:guard_support.obj
 0002:000000c8       ___castguard_check_failure_os_handled_fptr 004020c8     MSVCRT:guard_support.obj
 0002:000000cc       ___xc_a                    004020cc     MSVCRT:initializers.obj
 0002:000000d4       ___xc_z                    004020d4     MSVCRT:initializers.obj
 0002:000000d8       ___xi_a                    004020d8     MSVCRT:initializers.obj
 0002:000000e4       ___xi_z                    004020e4     MSVCRT:initializers.obj
 0002:000000e8       ___xp_a                    004020e8     MSVCRT:initializers.obj
 0002:000000ec       ___xp_z                    004020ec     MSVCRT:initializers.obj
 0002:000000f0       ___xt_a                    004020f0     MSVCRT:initializers.obj
 0002:000000f4       ___xt_z                    004020f4     MSVCRT:initializers.obj
 0002:00000100       ??_C@_0L@DHEOHBOP@ff?5?9?$DO?5?$CFlx?6@ 00402100     FileName.obj
 0002:0000010c       ??_C@_0L@IOHOHDAL@7f?5?9?$DO?5?$CFlx?6@ 0040210c     FileName.obj
 0002:00000118       ??_C@_0N@JADKPECF@1212?5?9?$DO?5?$CFlx?6@ 00402118     FileName.obj
 0002:00000128       ??_C@_0N@LFNKMKMP@1337?5?9?$DO?5?$CFlx?6@ 00402128     FileName.obj
 0002:00000138       ??_C@_0N@MFEIDNKD@1234?5?9?$DO?5?$CFlx?6@ 00402138     FileName.obj
 0002:00000148       ??_C@_0M@GHKGCGGM@103?5?9?$DO?5?$CFlx?6@ 00402148     FileName.obj
 0002:00000158       __load_config_used         00402158     MSVCRT:loadcfg.obj
 0002:000002c0       ___safe_se_handler_table   004022c0     <linker-defined>
 0002:000002c4       ___volatile_metadata       004022c4     <linker-defined>
 0002:0000060c       ___rtc_iaa                 0040260c     MSVCRT:initsect.obj
 0002:00000610       ___rtc_izz                 00402610     MSVCRT:initsect.obj
 0002:00000614       ___rtc_taa                 00402614     MSVCRT:initsect.obj
 0002:00000618       ___rtc_tzz                 00402618     MSVCRT:initsect.obj
 0002:0000065c       __IMPORT_DESCRIPTOR_VCRUNTIME140 0040265c     vcruntime:VCRUNTIME140.dll
 0002:00000670       __IMPORT_DESCRIPTOR_api-ms-win-crt-stdio-l1-1-0 00402670     ucrt:api-ms-win-crt-stdio-l1-1-0.dll
 0002:00000684       __IMPORT_DESCRIPTOR_api-ms-win-crt-runtime-l1-1-0 00402684     ucrt:api-ms-win-crt-runtime-l1-1-0.dll
 0002:00000698       __IMPORT_DESCRIPTOR_api-ms-win-crt-math-l1-1-0 00402698     ucrt:api-ms-win-crt-math-l1-1-0.dll
 0002:000006ac       __IMPORT_DESCRIPTOR_api-ms-win-crt-locale-l1-1-0 004026ac     ucrt:api-ms-win-crt-locale-l1-1-0.dll
 0002:000006c0       __IMPORT_DESCRIPTOR_api-ms-win-crt-heap-l1-1-0 004026c0     ucrt:api-ms-win-crt-heap-l1-1-0.dll
 0002:000006d4       __IMPORT_DESCRIPTOR_KERNEL32 004026d4     kernel32:KERNEL32.dll
 0002:000006e8       __NULL_IMPORT_DESCRIPTOR   004026e8     vcruntime:VCRUNTIME140.dll
 0003:00000000       ___security_cookie         00403000     MSVCRT:gs_cookie.obj
 0003:00000040       ___security_cookie_complement 00403040     MSVCRT:gs_cookie.obj
 0003:00000044       ___scrt_native_dllmain_reason 00403044     MSVCRT:utility.obj
 0003:00000048       ___scrt_default_matherr    00403048     MSVCRT:matherr.obj
 0003:00000050       ___isa_inverted            00403050     MSVCRT:cpu_disp.obj
 0003:00000058       ___isa_enabled             00403058     MSVCRT:cpu_disp.obj
 0003:0000005c       ___scrt_ucrt_dll_is_in_use 0040305c     MSVCRT:ucrt_stubs.obj
 0003:0000037c       ___scrt_current_native_startup_state 0040337c     MSVCRT:utility.obj
 0003:00000380       ___scrt_native_startup_lock 00403380     MSVCRT:utility.obj
 0003:000003a0       ?__type_info_root_node@@3U__type_info_node@@A 004033a0     MSVCRT:tncleanup.obj
 0003:000003a8       ?_OptionsStorage@?1??__local_stdio_scanf_options@@9@4_KA 004033a8     MSVCRT:default_local_stdio_options.obj
 0003:000003b0       ___scrt_debugger_hook_flag 004033b0     MSVCRT:utility_desktop.obj
 0003:000003b4       ___avx10_version           004033b4     MSVCRT:cpu_disp.obj
 0003:000003b8       ___isa_available           004033b8     MSVCRT:cpu_disp.obj
 0003:000003bc       ___favor                   004033bc     MSVCRT:cpu_disp.obj
 0003:000003c0       ?_OptionsStorage@?1??__local_stdio_printf_options@@9@4_KA 004033c0     FileName.obj
 0003:000003c8       ___dyn_tls_dtor_callback   004033c8     <common>
 0003:000003cc       ___dyn_tls_init_callback   004033cc     <common>

 entry point at        0001:00000323

 Static symbols

 0000:ffffa000       .debug$S                   00400000     ucrt:api-ms-win-crt-heap-l1-1-0.dll
 0000:ffffa000       .debug$S                   00400000     ucrt:api-ms-win-crt-locale-l1-1-0.dll
 0000:ffffa000       .debug$S                   00400000     ucrt:api-ms-win-crt-math-l1-1-0.dll
 0000:ffffa000       .debug$S                   00400000     ucrt:api-ms-win-crt-runtime-l1-1-0.dll
 0000:ffffa000       .debug$S                   00400000     ucrt:api-ms-win-crt-runtime-l1-1-0.dll
 0000:ffffa000       .debug$S                   00400000     ucrt:api-ms-win-crt-runtime-l1-1-0.dll
 0000:ffffa000       .debug$S                   00400000     ucrt:api-ms-win-crt-runtime-l1-1-0.dll
 0000:ffffa000       .debug$S                   00400000     ucrt:api-ms-win-crt-runtime-l1-1-0.dll
 0000:ffffa000       .debug$S                   00400000     ucrt:api-ms-win-crt-runtime-l1-1-0.dll
 0000:ffffa000       .debug$S                   00400000     ucrt:api-ms-win-crt-runtime-l1-1-0.dll
 0000:ffffa000       .debug$S                   00400000     ucrt:api-ms-win-crt-runtime-l1-1-0.dll
 0000:ffffa000       .debug$S                   00400000     ucrt:api-ms-win-crt-runtime-l1-1-0.dll
 0000:ffffa000       .debug$S                   00400000     ucrt:api-ms-win-crt-runtime-l1-1-0.dll
 0000:ffffa000       .debug$S                   00400000     ucrt:api-ms-win-crt-runtime-l1-1-0.dll
 0000:ffffa000       .debug$S                   00400000     ucrt:api-ms-win-crt-runtime-l1-1-0.dll
 0000:ffffa000       .debug$S                   00400000     ucrt:api-ms-win-crt-runtime-l1-1-0.dll
 0000:ffffa000       .debug$S                   00400000     ucrt:api-ms-win-crt-runtime-l1-1-0.dll
 0000:ffffa000       .debug$S                   00400000     ucrt:api-ms-win-crt-runtime-l1-1-0.dll
 0000:ffffa000       .debug$S                   00400000     ucrt:api-ms-win-crt-runtime-l1-1-0.dll
 0000:ffffa000       .debug$S                   00400000     ucrt:api-ms-win-crt-runtime-l1-1-0.dll
 0000:ffffa000       .debug$S                   00400000     ucrt:api-ms-win-crt-runtime-l1-1-0.dll
 0000:ffffa000       .debug$S                   00400000     ucrt:api-ms-win-crt-runtime-l1-1-0.dll
 0000:ffffa000       .debug$S                   00400000     ucrt:api-ms-win-crt-runtime-l1-1-0.dll
 0000:ffffa000       .debug$S                   00400000     ucrt:api-ms-win-crt-runtime-l1-1-0.dll
 0000:ffffa000       .debug$S                   00400000     ucrt:api-ms-win-crt-runtime-l1-1-0.dll
 0000:ffffa000       .debug$S                   00400000     ucrt:api-ms-win-crt-stdio-l1-1-0.dll
 0000:ffffa000       .debug$S                   00400000     ucrt:api-ms-win-crt-stdio-l1-1-0.dll
 0000:ffffa000       .debug$S                   00400000     ucrt:api-ms-win-crt-stdio-l1-1-0.dll
 0000:ffffa000       .debug$S                   00400000     ucrt:api-ms-win-crt-stdio-l1-1-0.dll
 0000:ffffa000       .debug$S                   00400000     kernel32:KERNEL32.dll
 0000:ffffa000       .debug$S                   00400000     kernel32:KERNEL32.dll
 0000:ffffa000       .debug$S                   00400000     kernel32:KERNEL32.dll
 0000:ffffa000       .debug$S                   00400000     kernel32:KERNEL32.dll
 0000:ffffa000       .debug$S                   00400000     kernel32:KERNEL32.dll
 0000:ffffa000       .debug$S                   00400000     kernel32:KERNEL32.dll
 0000:ffffa000       .debug$S                   00400000     kernel32:KERNEL32.dll
 0000:ffffa000       .debug$S                   00400000     kernel32:KERNEL32.dll
 0000:ffffa000       .debug$S                   00400000     kernel32:KERNEL32.dll
 0000:ffffa000       .debug$S                   00400000     kernel32:KERNEL32.dll
 0000:ffffa000       .debug$S                   00400000     kernel32:KERNEL32.dll
 0000:ffffa000       .debug$S                   00400000     kernel32:KERNEL32.dll
 0000:ffffa000       .debug$S                   00400000     kernel32:KERNEL32.dll
 0000:ffffa000       .debug$S                   00400000     vcruntime:VCRUNTIME140.dll
 0000:ffffa000       .debug$S                   00400000     vcruntime:VCRUNTIME140.dll
 0000:ffffa000       .debug$S                   00400000     vcruntime:VCRUNTIME140.dll
 0000:ffffa000       .debug$S                   00400000     vcruntime:VCRUNTIME140.dll
 0000:ffffa000       .debug$S                   00400000     vcruntime:VCRUNTIME140.dll
 0001:000000dc       ?pre_c_initialization@@YAHXZ 004010dc f   MSVCRT:exe_main.obj
 0001:00000187       ?post_pgo_initialization@@YAHXZ 00401187 f   MSVCRT:exe_main.obj
 0001:0000018f       ?pre_cpp_initialization@@YAXXZ 0040118f f   MSVCRT:exe_main.obj
 0001:000001a1       ?__scrt_common_main_seh@@YAHXZ 004011a1 f   MSVCRT:exe_main.obj
 0001:00000450       ?find_pe_section@@YAPAU_IMAGE_SECTION_HEADER@@QAEI@Z 00401450 f   MSVCRT:utility.obj
 0001:000006a0       ___get_entropy             004016a0 f   MSVCRT:gs_support.obj
 0001:000009e0       $$000000                   004019e0     MSVCRT:sehprolg4.obj
 0002:000000d0       ?pre_cpp_initializer@@3P6AXXZA 004020d0     MSVCRT:exe_main.obj
 0002:000000dc       ?pre_c_initializer@@3P6AHXZA 004020dc     MSVCRT:exe_main.obj
 0002:000000e0       ?post_pgo_initializer@@3P6AHXZA 004020e0     MSVCRT:exe_main.obj
 0002:000000f8       _GS_ExceptionPointers      004020f8     MSVCRT:gs_report.obj
 0002:00000620       __sehtable$?__scrt_common_main_seh@@YAHXZ 00402620     MSVCRT:exe_main.obj
 0002:00000640       __sehtable$___scrt_is_nonwritable_in_current_image 00402640     MSVCRT:utility.obj
 0002:00000818       .idata$6                   00402818     vcruntime:VCRUNTIME140.dll
 0002:00000a18       .idata$6                   00402a18     ucrt:api-ms-win-crt-stdio-l1-1-0.dll
 0002:00000a38       .idata$6                   00402a38     ucrt:api-ms-win-crt-runtime-l1-1-0.dll
 0002:00000a5a       .idata$6                   00402a5a     ucrt:api-ms-win-crt-math-l1-1-0.dll
 0002:00000a7a       .idata$6                   00402a7a     ucrt:api-ms-win-crt-locale-l1-1-0.dll
 0002:00000a9c       .idata$6                   00402a9c     ucrt:api-ms-win-crt-heap-l1-1-0.dll
 0002:00000bd8       .idata$6                   00402bd8     kernel32:KERNEL32.dll
 0003:00000060       _GS_ExceptionRecord        00403060     MSVCRT:gs_report.obj
 0003:000000b0       _GS_ContextRecord          004030b0     MSVCRT:gs_report.obj
 0003:00000384       ?is_initialized_as_dll@@3_NA 00403384     MSVCRT:utility.obj
 0003:00000385       ?module_local_atexit_table_initialized@@3_NA 00403385     MSVCRT:utility.obj
 0003:00000388       ?module_local_atexit_table@@3U_onexit_table_t@@A 00403388     MSVCRT:utility.obj
 0003:00000394       ?module_local_at_quick_exit_table@@3U_onexit_table_t@@A 00403394     MSVCRT:utility.obj
 0004:00000060       $R000000                   00404060     * linker generated manifest res *
